Analysis & Synthesis report for RISCV_Pipelined_IFM_AXI4_OoO_v2
Mon May 25 13:33:44 2026
Quartus II 64-Bit Version 13.0.1 Build 232 06/12/2013 Service Pack 1 SJ Web Edition


---------------------
; Table of Contents ;
---------------------
  1. Legal Notice
  2. Analysis & Synthesis Summary
  3. Analysis & Synthesis Settings
  4. Parallel Compilation
  5. Parameter Settings for User Entity Instance: Top-level Entity: |rv32ifm_ooo
  6. Parameter Settings for User Entity Instance: free_list:u_fl_int
  7. Parameter Settings for User Entity Instance: free_list:u_fl_fp
  8. Parameter Settings for User Entity Instance: RAT_Int:u_rat_int
  9. Parameter Settings for User Entity Instance: RAT_Float:u_rat_fp
 10. Parameter Settings for User Entity Instance: ROB:u_rob
 11. Parameter Settings for User Entity Instance: dispatch_unit:u_dispatch
 12. Parameter Settings for User Entity Instance: iq_alu:u_iq_alu
 13. Parameter Settings for User Entity Instance: iq_fpu:u_iq_fpu
 14. Parameter Settings for User Entity Instance: iq_mem:u_iq_lsu
 15. Parameter Settings for User Entity Instance: prf:u_prf_int
 16. Parameter Settings for User Entity Instance: prf:u_prf_fp
 17. Parameter Settings for User Entity Instance: fu_alu_wrapper:u_alu_eu
 18. Parameter Settings for User Entity Instance: fu_alu_wrapper:u_alu_eu|alu:u_alu
 19. Parameter Settings for User Entity Instance: fu_alu_wrapper:u_alu_eu|alu:u_alu|iter_mul32:u_mul
 20. Parameter Settings for User Entity Instance: fu_alu_wrapper:u_alu_eu|alu:u_alu|iter_div32:u_div
 21. Parameter Settings for User Entity Instance: fu_fpu_wrapper:u_fpu_eu
 22. Parameter Settings for User Entity Instance: fu_fpu_wrapper:u_fpu_eu|FPU:u_fpu|fp_div_goldschmidt:DIV_UNIT
 23. Parameter Settings for User Entity Instance: fu_fpu_wrapper:u_fpu_eu|FPU:u_fpu|fp_sqrt_goldschmidt:SQRT_UNIT
 24. Parameter Settings for User Entity Instance: lsu_eu:u_lsu_eu
 25. Port Connectivity Checks: "fu_fpu_wrapper:u_fpu_eu|FPU:u_fpu|fp_sqrt_goldschmidt:SQRT_UNIT|fp_fma:u_h3"
 26. Port Connectivity Checks: "fu_fpu_wrapper:u_fpu_eu|FPU:u_fpu|fp_sqrt_goldschmidt:SQRT_UNIT|fp_fma:u_g3"
 27. Port Connectivity Checks: "fu_fpu_wrapper:u_fpu_eu|FPU:u_fpu|fp_sqrt_goldschmidt:SQRT_UNIT|fp_fma:u_F2"
 28. Port Connectivity Checks: "fu_fpu_wrapper:u_fpu_eu|FPU:u_fpu|fp_sqrt_goldschmidt:SQRT_UNIT|fp_fma:u_h2"
 29. Port Connectivity Checks: "fu_fpu_wrapper:u_fpu_eu|FPU:u_fpu|fp_sqrt_goldschmidt:SQRT_UNIT|fp_fma:u_g2"
 30. Port Connectivity Checks: "fu_fpu_wrapper:u_fpu_eu|FPU:u_fpu|fp_sqrt_goldschmidt:SQRT_UNIT|fp_fma:u_F1"
 31. Port Connectivity Checks: "fu_fpu_wrapper:u_fpu_eu|FPU:u_fpu|fp_sqrt_goldschmidt:SQRT_UNIT|fp_fma:u_h1"
 32. Port Connectivity Checks: "fu_fpu_wrapper:u_fpu_eu|FPU:u_fpu|fp_sqrt_goldschmidt:SQRT_UNIT|fp_fma:u_g1"
 33. Port Connectivity Checks: "fu_fpu_wrapper:u_fpu_eu|FPU:u_fpu|fp_sqrt_goldschmidt:SQRT_UNIT|fp_fma:u_F0"
 34. Port Connectivity Checks: "fu_fpu_wrapper:u_fpu_eu|FPU:u_fpu|fp_sqrt_goldschmidt:SQRT_UNIT|fp_fma:u_h0"
 35. Port Connectivity Checks: "fu_fpu_wrapper:u_fpu_eu|FPU:u_fpu|fp_sqrt_goldschmidt:SQRT_UNIT|fp_fma:u_g0"
 36. Port Connectivity Checks: "fu_fpu_wrapper:u_fpu_eu|FPU:u_fpu|fp_div_goldschmidt:DIV_UNIT|fp_fma:fma_N2_inst"
 37. Port Connectivity Checks: "fu_fpu_wrapper:u_fpu_eu|FPU:u_fpu|fp_div_goldschmidt:DIV_UNIT|fp_fma:fma_F1_inst"
 38. Port Connectivity Checks: "fu_fpu_wrapper:u_fpu_eu|FPU:u_fpu|fp_div_goldschmidt:DIV_UNIT|fp_fma:fma_D1_inst"
 39. Port Connectivity Checks: "fu_fpu_wrapper:u_fpu_eu|FPU:u_fpu|fp_div_goldschmidt:DIV_UNIT|fp_fma:fma_N1_inst"
 40. Port Connectivity Checks: "fu_fpu_wrapper:u_fpu_eu|FPU:u_fpu|fp_div_goldschmidt:DIV_UNIT|fp_fma:fma_F0_inst"
 41. Port Connectivity Checks: "fu_fpu_wrapper:u_fpu_eu|FPU:u_fpu|fp_div_goldschmidt:DIV_UNIT|fp_fma:fma_D0_inst"
 42. Port Connectivity Checks: "fu_fpu_wrapper:u_fpu_eu|FPU:u_fpu|fp_div_goldschmidt:DIV_UNIT|fp_fma:fma_N0_inst"
 43. Port Connectivity Checks: "fu_fpu_wrapper:u_fpu_eu|FPU:u_fpu|fp_mul:MUL_UNIT|mantissa_multiplier:mul_inst|wallace_tree_12_rows:wt"
 44. Port Connectivity Checks: "fu_fpu_wrapper:u_fpu_eu|FPU:u_fpu|fp_mul:MUL_UNIT|mantissa_multiplier:mul_inst|booth_encoder_radix4:be12"
 45. Port Connectivity Checks: "fu_fpu_wrapper:u_fpu_eu|FPU:u_fpu|fp_mul:MUL_UNIT|mantissa_multiplier:mul_inst|booth_encoder_radix4:be0"
 46. Port Connectivity Checks: "fu_fpu_wrapper:u_fpu_eu|FPU:u_fpu|fp_mul:MUL_UNIT|mantissa_multiplier:mul_inst"
 47. Port Connectivity Checks: "fu_alu_wrapper:u_alu_eu|alu:u_alu"
 48. Port Connectivity Checks: "prf:u_prf_fp"
 49. Port Connectivity Checks: "prf:u_prf_int"
 50. Port Connectivity Checks: "iq_fpu:u_iq_fpu"
 51. Port Connectivity Checks: "dispatch_unit:u_dispatch"
 52. Port Connectivity Checks: "ROB:u_rob"
 53. Port Connectivity Checks: "free_list:u_fl_fp"
 54. Port Connectivity Checks: "free_list:u_fl_int"
 55. Analysis & Synthesis Messages
 56. Analysis & Synthesis Suppressed Messages



----------------
; Legal Notice ;
----------------
Copyright (C) 1991-2013 Altera Corporation
Your use of Altera Corporation's design tools, logic functions 
and other software and tools, and its AMPP partner logic 
functions, and any output files from any of the foregoing 
(including device programming or simulation files), and any 
associated documentation or information are expressly subject 
to the terms and conditions of the Altera Program License 
Subscription Agreement, Altera MegaCore Function License 
Agreement, or other applicable license agreement, including, 
without limitation, that your use is for the sole purpose of 
programming logic devices manufactured by Altera and sold by 
Altera or its authorized distributors.  Please refer to the 
applicable agreement for further details.



+--------------------------------------------------------------------------------------+
; Analysis & Synthesis Summary                                                         ;
+------------------------------------+-------------------------------------------------+
; Analysis & Synthesis Status        ; Failed - Mon May 25 13:33:44 2026               ;
; Quartus II 64-Bit Version          ; 13.0.1 Build 232 06/12/2013 SP 1 SJ Web Edition ;
; Revision Name                      ; RISCV_Pipelined_IFM_AXI4_OoO_v2                 ;
; Top-level Entity Name              ; rv32ifm_ooo                                     ;
; Family                             ; Cyclone II                                      ;
; Total logic elements               ; N/A until Partition Merge                       ;
;     Total combinational functions  ; N/A until Partition Merge                       ;
;     Dedicated logic registers      ; N/A until Partition Merge                       ;
; Total registers                    ; N/A until Partition Merge                       ;
; Total pins                         ; N/A until Partition Merge                       ;
; Total virtual pins                 ; N/A until Partition Merge                       ;
; Total memory bits                  ; N/A until Partition Merge                       ;
; Embedded Multiplier 9-bit elements ; N/A until Partition Merge                       ;
; Total PLLs                         ; N/A until Partition Merge                       ;
+------------------------------------+-------------------------------------------------+


+-----------------------------------------------------------------------------------------------------------------------------------+
; Analysis & Synthesis Settings                                                                                                     ;
+----------------------------------------------------------------------------+--------------------+---------------------------------+
; Option                                                                     ; Setting            ; Default Value                   ;
+----------------------------------------------------------------------------+--------------------+---------------------------------+
; Top-level entity name                                                      ; rv32ifm_ooo        ; RISCV_Pipelined_IFM_AXI4_OoO_v2 ;
; Family name                                                                ; Cyclone II         ; Cyclone IV GX                   ;
; Use smart compilation                                                      ; Off                ; Off                             ;
; Enable parallel Assembler and TimeQuest Timing Analyzer during compilation ; On                 ; On                              ;
; Enable compact report table                                                ; Off                ; Off                             ;
; Restructure Multiplexers                                                   ; Auto               ; Auto                            ;
; Create Debugging Nodes for IP Cores                                        ; Off                ; Off                             ;
; Preserve fewer node names                                                  ; On                 ; On                              ;
; Disable OpenCore Plus hardware evaluation                                  ; Off                ; Off                             ;
; Verilog Version                                                            ; Verilog_2001       ; Verilog_2001                    ;
; VHDL Version                                                               ; VHDL_1993          ; VHDL_1993                       ;
; State Machine Processing                                                   ; Auto               ; Auto                            ;
; Safe State Machine                                                         ; Off                ; Off                             ;
; Extract Verilog State Machines                                             ; On                 ; On                              ;
; Extract VHDL State Machines                                                ; On                 ; On                              ;
; Ignore Verilog initial constructs                                          ; Off                ; Off                             ;
; Iteration limit for constant Verilog loops                                 ; 5000               ; 5000                            ;
; Iteration limit for non-constant Verilog loops                             ; 250                ; 250                             ;
; Add Pass-Through Logic to Inferred RAMs                                    ; On                 ; On                              ;
; Infer RAMs from Raw Logic                                                  ; On                 ; On                              ;
; Parallel Synthesis                                                         ; On                 ; On                              ;
; DSP Block Balancing                                                        ; Auto               ; Auto                            ;
; NOT Gate Push-Back                                                         ; On                 ; On                              ;
; Power-Up Don't Care                                                        ; On                 ; On                              ;
; Remove Redundant Logic Cells                                               ; Off                ; Off                             ;
; Remove Duplicate Registers                                                 ; On                 ; On                              ;
; Ignore CARRY Buffers                                                       ; Off                ; Off                             ;
; Ignore CASCADE Buffers                                                     ; Off                ; Off                             ;
; Ignore GLOBAL Buffers                                                      ; Off                ; Off                             ;
; Ignore ROW GLOBAL Buffers                                                  ; Off                ; Off                             ;
; Ignore LCELL Buffers                                                       ; Off                ; Off                             ;
; Ignore SOFT Buffers                                                        ; On                 ; On                              ;
; Limit AHDL Integers to 32 Bits                                             ; Off                ; Off                             ;
; Optimization Technique                                                     ; Balanced           ; Balanced                        ;
; Carry Chain Length                                                         ; 70                 ; 70                              ;
; Auto Carry Chains                                                          ; On                 ; On                              ;
; Auto Open-Drain Pins                                                       ; On                 ; On                              ;
; Perform WYSIWYG Primitive Resynthesis                                      ; Off                ; Off                             ;
; Auto ROM Replacement                                                       ; On                 ; On                              ;
; Auto RAM Replacement                                                       ; On                 ; On                              ;
; Auto Shift Register Replacement                                            ; Auto               ; Auto                            ;
; Allow Shift Register Merging across Hierarchies                            ; Auto               ; Auto                            ;
; Auto Clock Enable Replacement                                              ; On                 ; On                              ;
; Strict RAM Replacement                                                     ; Off                ; Off                             ;
; Allow Synchronous Control Signals                                          ; On                 ; On                              ;
; Force Use of Synchronous Clear Signals                                     ; Off                ; Off                             ;
; Auto RAM to Logic Cell Conversion                                          ; Off                ; Off                             ;
; Auto Resource Sharing                                                      ; Off                ; Off                             ;
; Allow Any RAM Size For Recognition                                         ; Off                ; Off                             ;
; Allow Any ROM Size For Recognition                                         ; Off                ; Off                             ;
; Allow Any Shift Register Size For Recognition                              ; Off                ; Off                             ;
; Use LogicLock Constraints during Resource Balancing                        ; On                 ; On                              ;
; Ignore translate_off and synthesis_off directives                          ; Off                ; Off                             ;
; Timing-Driven Synthesis                                                    ; Off                ; Off                             ;
; Report Parameter Settings                                                  ; On                 ; On                              ;
; Report Source Assignments                                                  ; On                 ; On                              ;
; Report Connectivity Checks                                                 ; On                 ; On                              ;
; Ignore Maximum Fan-Out Assignments                                         ; Off                ; Off                             ;
; Synchronization Register Chain Length                                      ; 2                  ; 2                               ;
; PowerPlay Power Optimization                                               ; Normal compilation ; Normal compilation              ;
; HDL message level                                                          ; Level2             ; Level2                          ;
; Suppress Register Optimization Related Messages                            ; Off                ; Off                             ;
; Number of Removed Registers Reported in Synthesis Report                   ; 5000               ; 5000                            ;
; Number of Swept Nodes Reported in Synthesis Report                         ; 5000               ; 5000                            ;
; Number of Inverted Registers Reported in Synthesis Report                  ; 100                ; 100                             ;
; Clock MUX Protection                                                       ; On                 ; On                              ;
; Auto Gated Clock Conversion                                                ; Off                ; Off                             ;
; Block Design Naming                                                        ; Auto               ; Auto                            ;
; SDC constraint protection                                                  ; Off                ; Off                             ;
; Synthesis Effort                                                           ; Auto               ; Auto                            ;
; Shift Register Replacement - Allow Asynchronous Clear Signal               ; On                 ; On                              ;
; Pre-Mapping Resynthesis Optimization                                       ; Off                ; Off                             ;
; Analysis & Synthesis Message Level                                         ; Medium             ; Medium                          ;
; Disable Register Merging Across Hierarchies                                ; Auto               ; Auto                            ;
; Resource Aware Inference For Block RAM                                     ; On                 ; On                              ;
; Synthesis Seed                                                             ; 1                  ; 1                               ;
+----------------------------------------------------------------------------+--------------------+---------------------------------+


Parallel compilation was disabled, but you have multiple processors available. Enable parallel compilation to reduce compilation time.
+-------------------------------------+
; Parallel Compilation                ;
+----------------------------+--------+
; Processors                 ; Number ;
+----------------------------+--------+
; Number detected on machine ; 16     ;
; Maximum allowed            ; 1      ;
+----------------------------+--------+


+-----------------------------------------------------------------------------+
; Parameter Settings for User Entity Instance: Top-level Entity: |rv32ifm_ooo ;
+----------------+-------+----------------------------------------------------+
; Parameter Name ; Value ; Type                                               ;
+----------------+-------+----------------------------------------------------+
; TAG_WIDTH      ; 6     ; Signed Integer                                     ;
; ROB_IDX        ; 5     ; Signed Integer                                     ;
; ROB_DEPTH      ; 32    ; Signed Integer                                     ;
; NUM_PHYS       ; 64    ; Signed Integer                                     ;
; NUM_ARCH       ; 32    ; Signed Integer                                     ;
+----------------+-------+----------------------------------------------------+
Note: In order to hide this table in the UI and the text report file, please set the "Show Parameter Settings in Synthesis Report" option in "Analysis and Synthesis Settings -> More Settings" to "Off".


+-----------------------------------------------------------------+
; Parameter Settings for User Entity Instance: free_list:u_fl_int ;
+----------------+-------+----------------------------------------+
; Parameter Name ; Value ; Type                                   ;
+----------------+-------+----------------------------------------+
; NUM_PHYS       ; 64    ; Signed Integer                         ;
; NUM_ARCH       ; 32    ; Signed Integer                         ;
; TAG_WIDTH      ; 6     ; Signed Integer                         ;
+----------------+-------+----------------------------------------+
Note: In order to hide this table in the UI and the text report file, please set the "Show Parameter Settings in Synthesis Report" option in "Analysis and Synthesis Settings -> More Settings" to "Off".


+----------------------------------------------------------------+
; Parameter Settings for User Entity Instance: free_list:u_fl_fp ;
+----------------+-------+---------------------------------------+
; Parameter Name ; Value ; Type                                  ;
+----------------+-------+---------------------------------------+
; NUM_PHYS       ; 64    ; Signed Integer                        ;
; NUM_ARCH       ; 32    ; Signed Integer                        ;
; TAG_WIDTH      ; 6     ; Signed Integer                        ;
+----------------+-------+---------------------------------------+
Note: In order to hide this table in the UI and the text report file, please set the "Show Parameter Settings in Synthesis Report" option in "Analysis and Synthesis Settings -> More Settings" to "Off".


+----------------------------------------------------------------+
; Parameter Settings for User Entity Instance: RAT_Int:u_rat_int ;
+----------------+-------+---------------------------------------+
; Parameter Name ; Value ; Type                                  ;
+----------------+-------+---------------------------------------+
; TAG_WIDTH      ; 6     ; Signed Integer                        ;
+----------------+-------+---------------------------------------+
Note: In order to hide this table in the UI and the text report file, please set the "Show Parameter Settings in Synthesis Report" option in "Analysis and Synthesis Settings -> More Settings" to "Off".


+-----------------------------------------------------------------+
; Parameter Settings for User Entity Instance: RAT_Float:u_rat_fp ;
+----------------+-------+----------------------------------------+
; Parameter Name ; Value ; Type                                   ;
+----------------+-------+----------------------------------------+
; TAG_WIDTH      ; 6     ; Signed Integer                         ;
+----------------+-------+----------------------------------------+
Note: In order to hide this table in the UI and the text report file, please set the "Show Parameter Settings in Synthesis Report" option in "Analysis and Synthesis Settings -> More Settings" to "Off".


+--------------------------------------------------------+
; Parameter Settings for User Entity Instance: ROB:u_rob ;
+----------------+-------+-------------------------------+
; Parameter Name ; Value ; Type                          ;
+----------------+-------+-------------------------------+
; ROB_DEPTH      ; 32    ; Signed Integer                ;
; TAG_WIDTH      ; 6     ; Signed Integer                ;
; ROB_IDX        ; 5     ; Signed Integer                ;
+----------------+-------+-------------------------------+
Note: In order to hide this table in the UI and the text report file, please set the "Show Parameter Settings in Synthesis Report" option in "Analysis and Synthesis Settings -> More Settings" to "Off".


+-----------------------------------------------------------------------+
; Parameter Settings for User Entity Instance: dispatch_unit:u_dispatch ;
+----------------+-------+----------------------------------------------+
; Parameter Name ; Value ; Type                                         ;
+----------------+-------+----------------------------------------------+
; TAG_WIDTH      ; 6     ; Signed Integer                               ;
; ROB_IDX        ; 5     ; Signed Integer                               ;
+----------------+-------+----------------------------------------------+
Note: In order to hide this table in the UI and the text report file, please set the "Show Parameter Settings in Synthesis Report" option in "Analysis and Synthesis Settings -> More Settings" to "Off".


+--------------------------------------------------------------+
; Parameter Settings for User Entity Instance: iq_alu:u_iq_alu ;
+----------------+-------+-------------------------------------+
; Parameter Name ; Value ; Type                                ;
+----------------+-------+-------------------------------------+
; NUM_RS         ; 8     ; Signed Integer                      ;
; TAG_WIDTH      ; 6     ; Signed Integer                      ;
; ROB_IDX        ; 5     ; Signed Integer                      ;
+----------------+-------+-------------------------------------+
Note: In order to hide this table in the UI and the text report file, please set the "Show Parameter Settings in Synthesis Report" option in "Analysis and Synthesis Settings -> More Settings" to "Off".


+--------------------------------------------------------------+
; Parameter Settings for User Entity Instance: iq_fpu:u_iq_fpu ;
+----------------+-------+-------------------------------------+
; Parameter Name ; Value ; Type                                ;
+----------------+-------+-------------------------------------+
; NUM_RS         ; 8     ; Signed Integer                      ;
; TAG_WIDTH      ; 6     ; Signed Integer                      ;
; ROB_IDX        ; 5     ; Signed Integer                      ;
+----------------+-------+-------------------------------------+
Note: In order to hide this table in the UI and the text report file, please set the "Show Parameter Settings in Synthesis Report" option in "Analysis and Synthesis Settings -> More Settings" to "Off".


+--------------------------------------------------------------+
; Parameter Settings for User Entity Instance: iq_mem:u_iq_lsu ;
+----------------+-------+-------------------------------------+
; Parameter Name ; Value ; Type                                ;
+----------------+-------+-------------------------------------+
; NUM_RS         ; 8     ; Signed Integer                      ;
; TAG_WIDTH      ; 6     ; Signed Integer                      ;
; ROB_IDX        ; 5     ; Signed Integer                      ;
+----------------+-------+-------------------------------------+
Note: In order to hide this table in the UI and the text report file, please set the "Show Parameter Settings in Synthesis Report" option in "Analysis and Synthesis Settings -> More Settings" to "Off".


+------------------------------------------------------------+
; Parameter Settings for User Entity Instance: prf:u_prf_int ;
+----------------+-------+-----------------------------------+
; Parameter Name ; Value ; Type                              ;
+----------------+-------+-----------------------------------+
; NUM_PHYS       ; 64    ; Signed Integer                    ;
; NUM_ARCH       ; 32    ; Signed Integer                    ;
; TAG_WIDTH      ; 6     ; Signed Integer                    ;
; NUM_RD         ; 6     ; Signed Integer                    ;
+----------------+-------+-----------------------------------+
Note: In order to hide this table in the UI and the text report file, please set the "Show Parameter Settings in Synthesis Report" option in "Analysis and Synthesis Settings -> More Settings" to "Off".


+-----------------------------------------------------------+
; Parameter Settings for User Entity Instance: prf:u_prf_fp ;
+----------------+-------+----------------------------------+
; Parameter Name ; Value ; Type                             ;
+----------------+-------+----------------------------------+
; NUM_PHYS       ; 64    ; Signed Integer                   ;
; NUM_ARCH       ; 32    ; Signed Integer                   ;
; TAG_WIDTH      ; 6     ; Signed Integer                   ;
; NUM_RD         ; 6     ; Signed Integer                   ;
+----------------+-------+----------------------------------+
Note: In order to hide this table in the UI and the text report file, please set the "Show Parameter Settings in Synthesis Report" option in "Analysis and Synthesis Settings -> More Settings" to "Off".


+----------------------------------------------------------------------+
; Parameter Settings for User Entity Instance: fu_alu_wrapper:u_alu_eu ;
+----------------+-------+---------------------------------------------+
; Parameter Name ; Value ; Type                                        ;
+----------------+-------+---------------------------------------------+
; TAG_WIDTH      ; 6     ; Signed Integer                              ;
; ROB_IDX        ; 5     ; Signed Integer                              ;
+----------------+-------+---------------------------------------------+
Note: In order to hide this table in the UI and the text report file, please set the "Show Parameter Settings in Synthesis Report" option in "Analysis and Synthesis Settings -> More Settings" to "Off".


+--------------------------------------------------------------------------------+
; Parameter Settings for User Entity Instance: fu_alu_wrapper:u_alu_eu|alu:u_alu ;
+----------------+-------+-------------------------------------------------------+
; Parameter Name ; Value ; Type                                                  ;
+----------------+-------+-------------------------------------------------------+
; TAG_WIDTH      ; 5     ; Signed Integer                                        ;
+----------------+-------+-------------------------------------------------------+
Note: In order to hide this table in the UI and the text report file, please set the "Show Parameter Settings in Synthesis Report" option in "Analysis and Synthesis Settings -> More Settings" to "Off".


+-------------------------------------------------------------------------------------------------+
; Parameter Settings for User Entity Instance: fu_alu_wrapper:u_alu_eu|alu:u_alu|iter_mul32:u_mul ;
+----------------+-------+------------------------------------------------------------------------+
; Parameter Name ; Value ; Type                                                                   ;
+----------------+-------+------------------------------------------------------------------------+
; TAG_WIDTH      ; 5     ; Signed Integer                                                         ;
+----------------+-------+------------------------------------------------------------------------+
Note: In order to hide this table in the UI and the text report file, please set the "Show Parameter Settings in Synthesis Report" option in "Analysis and Synthesis Settings -> More Settings" to "Off".


+-------------------------------------------------------------------------------------------------+
; Parameter Settings for User Entity Instance: fu_alu_wrapper:u_alu_eu|alu:u_alu|iter_div32:u_div ;
+----------------+-------+------------------------------------------------------------------------+
; Parameter Name ; Value ; Type                                                                   ;
+----------------+-------+------------------------------------------------------------------------+
; TAG_WIDTH      ; 5     ; Signed Integer                                                         ;
+----------------+-------+------------------------------------------------------------------------+
Note: In order to hide this table in the UI and the text report file, please set the "Show Parameter Settings in Synthesis Report" option in "Analysis and Synthesis Settings -> More Settings" to "Off".


+----------------------------------------------------------------------+
; Parameter Settings for User Entity Instance: fu_fpu_wrapper:u_fpu_eu ;
+----------------+-------+---------------------------------------------+
; Parameter Name ; Value ; Type                                        ;
+----------------+-------+---------------------------------------------+
; TAG_WIDTH      ; 6     ; Signed Integer                              ;
; ROB_IDX        ; 5     ; Signed Integer                              ;
+----------------+-------+---------------------------------------------+
Note: In order to hide this table in the UI and the text report file, please set the "Show Parameter Settings in Synthesis Report" option in "Analysis and Synthesis Settings -> More Settings" to "Off".


+------------------------------------------------------------------------------------------------------------+
; Parameter Settings for User Entity Instance: fu_fpu_wrapper:u_fpu_eu|FPU:u_fpu|fp_div_goldschmidt:DIV_UNIT ;
+----------------+-------+-----------------------------------------------------------------------------------+
; Parameter Name ; Value ; Type                                                                              ;
+----------------+-------+-----------------------------------------------------------------------------------+
; PIPE_LAT       ; 13    ; Signed Integer                                                                    ;
+----------------+-------+-----------------------------------------------------------------------------------+
Note: In order to hide this table in the UI and the text report file, please set the "Show Parameter Settings in Synthesis Report" option in "Analysis and Synthesis Settings -> More Settings" to "Off".


+--------------------------------------------------------------------------------------------------------------+
; Parameter Settings for User Entity Instance: fu_fpu_wrapper:u_fpu_eu|FPU:u_fpu|fp_sqrt_goldschmidt:SQRT_UNIT ;
+----------------+-------+-------------------------------------------------------------------------------------+
; Parameter Name ; Value ; Type                                                                                ;
+----------------+-------+-------------------------------------------------------------------------------------+
; PIPE_LAT       ; 21    ; Signed Integer                                                                      ;
+----------------+-------+-------------------------------------------------------------------------------------+
Note: In order to hide this table in the UI and the text report file, please set the "Show Parameter Settings in Synthesis Report" option in "Analysis and Synthesis Settings -> More Settings" to "Off".


+--------------------------------------------------------------+
; Parameter Settings for User Entity Instance: lsu_eu:u_lsu_eu ;
+----------------+-------+-------------------------------------+
; Parameter Name ; Value ; Type                                ;
+----------------+-------+-------------------------------------+
; TAG_WIDTH      ; 6     ; Signed Integer                      ;
; ROB_IDX        ; 5     ; Signed Integer                      ;
+----------------+-------+-------------------------------------+
Note: In order to hide this table in the UI and the text report file, please set the "Show Parameter Settings in Synthesis Report" option in "Analysis and Synthesis Settings -> More Settings" to "Off".


+---------------------------------------------------------------------------------------------------------+
; Port Connectivity Checks: "fu_fpu_wrapper:u_fpu_eu|FPU:u_fpu|fp_sqrt_goldschmidt:SQRT_UNIT|fp_fma:u_h3" ;
+--------+-------+----------+-----------------------------------------------------------------------------+
; Port   ; Type  ; Severity ; Details                                                                     ;
+--------+-------+----------+-----------------------------------------------------------------------------+
; floatC ; Input ; Info     ; Stuck at GND                                                                ;
+--------+-------+----------+-----------------------------------------------------------------------------+


+---------------------------------------------------------------------------------------------------------+
; Port Connectivity Checks: "fu_fpu_wrapper:u_fpu_eu|FPU:u_fpu|fp_sqrt_goldschmidt:SQRT_UNIT|fp_fma:u_g3" ;
+--------+-------+----------+-----------------------------------------------------------------------------+
; Port   ; Type  ; Severity ; Details                                                                     ;
+--------+-------+----------+-----------------------------------------------------------------------------+
; floatC ; Input ; Info     ; Stuck at GND                                                                ;
+--------+-------+----------+-----------------------------------------------------------------------------+


+---------------------------------------------------------------------------------------------------------+
; Port Connectivity Checks: "fu_fpu_wrapper:u_fpu_eu|FPU:u_fpu|fp_sqrt_goldschmidt:SQRT_UNIT|fp_fma:u_F2" ;
+----------------+-------+----------+---------------------------------------------------------------------+
; Port           ; Type  ; Severity ; Details                                                             ;
+----------------+-------+----------+---------------------------------------------------------------------+
; floatC[29..22] ; Input ; Info     ; Stuck at VCC                                                        ;
; floatC[31..30] ; Input ; Info     ; Stuck at GND                                                        ;
; floatC[21..0]  ; Input ; Info     ; Stuck at GND                                                        ;
+----------------+-------+----------+---------------------------------------------------------------------+


+---------------------------------------------------------------------------------------------------------+
; Port Connectivity Checks: "fu_fpu_wrapper:u_fpu_eu|FPU:u_fpu|fp_sqrt_goldschmidt:SQRT_UNIT|fp_fma:u_h2" ;
+--------+-------+----------+-----------------------------------------------------------------------------+
; Port   ; Type  ; Severity ; Details                                                                     ;
+--------+-------+----------+-----------------------------------------------------------------------------+
; floatC ; Input ; Info     ; Stuck at GND                                                                ;
+--------+-------+----------+-----------------------------------------------------------------------------+


+---------------------------------------------------------------------------------------------------------+
; Port Connectivity Checks: "fu_fpu_wrapper:u_fpu_eu|FPU:u_fpu|fp_sqrt_goldschmidt:SQRT_UNIT|fp_fma:u_g2" ;
+--------+-------+----------+-----------------------------------------------------------------------------+
; Port   ; Type  ; Severity ; Details                                                                     ;
+--------+-------+----------+-----------------------------------------------------------------------------+
; floatC ; Input ; Info     ; Stuck at GND                                                                ;
+--------+-------+----------+-----------------------------------------------------------------------------+


+---------------------------------------------------------------------------------------------------------+
; Port Connectivity Checks: "fu_fpu_wrapper:u_fpu_eu|FPU:u_fpu|fp_sqrt_goldschmidt:SQRT_UNIT|fp_fma:u_F1" ;
+----------------+-------+----------+---------------------------------------------------------------------+
; Port           ; Type  ; Severity ; Details                                                             ;
+----------------+-------+----------+---------------------------------------------------------------------+
; floatC[29..22] ; Input ; Info     ; Stuck at VCC                                                        ;
; floatC[31..30] ; Input ; Info     ; Stuck at GND                                                        ;
; floatC[21..0]  ; Input ; Info     ; Stuck at GND                                                        ;
+----------------+-------+----------+---------------------------------------------------------------------+


+---------------------------------------------------------------------------------------------------------+
; Port Connectivity Checks: "fu_fpu_wrapper:u_fpu_eu|FPU:u_fpu|fp_sqrt_goldschmidt:SQRT_UNIT|fp_fma:u_h1" ;
+--------+-------+----------+-----------------------------------------------------------------------------+
; Port   ; Type  ; Severity ; Details                                                                     ;
+--------+-------+----------+-----------------------------------------------------------------------------+
; floatC ; Input ; Info     ; Stuck at GND                                                                ;
+--------+-------+----------+-----------------------------------------------------------------------------+


+---------------------------------------------------------------------------------------------------------+
; Port Connectivity Checks: "fu_fpu_wrapper:u_fpu_eu|FPU:u_fpu|fp_sqrt_goldschmidt:SQRT_UNIT|fp_fma:u_g1" ;
+--------+-------+----------+-----------------------------------------------------------------------------+
; Port   ; Type  ; Severity ; Details                                                                     ;
+--------+-------+----------+-----------------------------------------------------------------------------+
; floatC ; Input ; Info     ; Stuck at GND                                                                ;
+--------+-------+----------+-----------------------------------------------------------------------------+


+---------------------------------------------------------------------------------------------------------+
; Port Connectivity Checks: "fu_fpu_wrapper:u_fpu_eu|FPU:u_fpu|fp_sqrt_goldschmidt:SQRT_UNIT|fp_fma:u_F0" ;
+----------------+-------+----------+---------------------------------------------------------------------+
; Port           ; Type  ; Severity ; Details                                                             ;
+----------------+-------+----------+---------------------------------------------------------------------+
; floatC[29..22] ; Input ; Info     ; Stuck at VCC                                                        ;
; floatC[31..30] ; Input ; Info     ; Stuck at GND                                                        ;
; floatC[21..0]  ; Input ; Info     ; Stuck at GND                                                        ;
+----------------+-------+----------+---------------------------------------------------------------------+


+---------------------------------------------------------------------------------------------------------+
; Port Connectivity Checks: "fu_fpu_wrapper:u_fpu_eu|FPU:u_fpu|fp_sqrt_goldschmidt:SQRT_UNIT|fp_fma:u_h0" ;
+----------------+-------+----------+---------------------------------------------------------------------+
; Port           ; Type  ; Severity ; Details                                                             ;
+----------------+-------+----------+---------------------------------------------------------------------+
; floatB[29..24] ; Input ; Info     ; Stuck at VCC                                                        ;
; floatB[31..30] ; Input ; Info     ; Stuck at GND                                                        ;
; floatB[23..0]  ; Input ; Info     ; Stuck at GND                                                        ;
; floatC         ; Input ; Info     ; Stuck at GND                                                        ;
+----------------+-------+----------+---------------------------------------------------------------------+


+---------------------------------------------------------------------------------------------------------+
; Port Connectivity Checks: "fu_fpu_wrapper:u_fpu_eu|FPU:u_fpu|fp_sqrt_goldschmidt:SQRT_UNIT|fp_fma:u_g0" ;
+--------+-------+----------+-----------------------------------------------------------------------------+
; Port   ; Type  ; Severity ; Details                                                                     ;
+--------+-------+----------+-----------------------------------------------------------------------------+
; floatC ; Input ; Info     ; Stuck at GND                                                                ;
+--------+-------+----------+-----------------------------------------------------------------------------+


+--------------------------------------------------------------------------------------------------------------+
; Port Connectivity Checks: "fu_fpu_wrapper:u_fpu_eu|FPU:u_fpu|fp_div_goldschmidt:DIV_UNIT|fp_fma:fma_N2_inst" ;
+--------+-------+----------+----------------------------------------------------------------------------------+
; Port   ; Type  ; Severity ; Details                                                                          ;
+--------+-------+----------+----------------------------------------------------------------------------------+
; floatC ; Input ; Info     ; Stuck at GND                                                                     ;
+--------+-------+----------+----------------------------------------------------------------------------------+


+--------------------------------------------------------------------------------------------------------------+
; Port Connectivity Checks: "fu_fpu_wrapper:u_fpu_eu|FPU:u_fpu|fp_div_goldschmidt:DIV_UNIT|fp_fma:fma_F1_inst" ;
+----------------+-------+----------+--------------------------------------------------------------------------+
; Port           ; Type  ; Severity ; Details                                                                  ;
+----------------+-------+----------+--------------------------------------------------------------------------+
; floatA[29..23] ; Input ; Info     ; Stuck at VCC                                                             ;
; floatA[22..0]  ; Input ; Info     ; Stuck at GND                                                             ;
; floatA[31]     ; Input ; Info     ; Stuck at VCC                                                             ;
; floatA[30]     ; Input ; Info     ; Stuck at GND                                                             ;
; floatC[29..0]  ; Input ; Info     ; Stuck at GND                                                             ;
; floatC[31]     ; Input ; Info     ; Stuck at GND                                                             ;
; floatC[30]     ; Input ; Info     ; Stuck at VCC                                                             ;
+----------------+-------+----------+--------------------------------------------------------------------------+


+--------------------------------------------------------------------------------------------------------------+
; Port Connectivity Checks: "fu_fpu_wrapper:u_fpu_eu|FPU:u_fpu|fp_div_goldschmidt:DIV_UNIT|fp_fma:fma_D1_inst" ;
+--------+-------+----------+----------------------------------------------------------------------------------+
; Port   ; Type  ; Severity ; Details                                                                          ;
+--------+-------+----------+----------------------------------------------------------------------------------+
; floatC ; Input ; Info     ; Stuck at GND                                                                     ;
+--------+-------+----------+----------------------------------------------------------------------------------+


+--------------------------------------------------------------------------------------------------------------+
; Port Connectivity Checks: "fu_fpu_wrapper:u_fpu_eu|FPU:u_fpu|fp_div_goldschmidt:DIV_UNIT|fp_fma:fma_N1_inst" ;
+--------+-------+----------+----------------------------------------------------------------------------------+
; Port   ; Type  ; Severity ; Details                                                                          ;
+--------+-------+----------+----------------------------------------------------------------------------------+
; floatC ; Input ; Info     ; Stuck at GND                                                                     ;
+--------+-------+----------+----------------------------------------------------------------------------------+


+--------------------------------------------------------------------------------------------------------------+
; Port Connectivity Checks: "fu_fpu_wrapper:u_fpu_eu|FPU:u_fpu|fp_div_goldschmidt:DIV_UNIT|fp_fma:fma_F0_inst" ;
+----------------+-------+----------+--------------------------------------------------------------------------+
; Port           ; Type  ; Severity ; Details                                                                  ;
+----------------+-------+----------+--------------------------------------------------------------------------+
; floatA[29..23] ; Input ; Info     ; Stuck at VCC                                                             ;
; floatA[22..0]  ; Input ; Info     ; Stuck at GND                                                             ;
; floatA[31]     ; Input ; Info     ; Stuck at VCC                                                             ;
; floatA[30]     ; Input ; Info     ; Stuck at GND                                                             ;
; floatC[29..0]  ; Input ; Info     ; Stuck at GND                                                             ;
; floatC[31]     ; Input ; Info     ; Stuck at GND                                                             ;
; floatC[30]     ; Input ; Info     ; Stuck at VCC                                                             ;
+----------------+-------+----------+--------------------------------------------------------------------------+


+--------------------------------------------------------------------------------------------------------------+
; Port Connectivity Checks: "fu_fpu_wrapper:u_fpu_eu|FPU:u_fpu|fp_div_goldschmidt:DIV_UNIT|fp_fma:fma_D0_inst" ;
+--------+-------+----------+----------------------------------------------------------------------------------+
; Port   ; Type  ; Severity ; Details                                                                          ;
+--------+-------+----------+----------------------------------------------------------------------------------+
; floatC ; Input ; Info     ; Stuck at GND                                                                     ;
+--------+-------+----------+----------------------------------------------------------------------------------+


+--------------------------------------------------------------------------------------------------------------+
; Port Connectivity Checks: "fu_fpu_wrapper:u_fpu_eu|FPU:u_fpu|fp_div_goldschmidt:DIV_UNIT|fp_fma:fma_N0_inst" ;
+--------+-------+----------+----------------------------------------------------------------------------------+
; Port   ; Type  ; Severity ; Details                                                                          ;
+--------+-------+----------+----------------------------------------------------------------------------------+
; floatC ; Input ; Info     ; Stuck at GND                                                                     ;
+--------+-------+----------+----------------------------------------------------------------------------------+


+------------------------------------------------------------------------------------------------------------------------------------+
; Port Connectivity Checks: "fu_fpu_wrapper:u_fpu_eu|FPU:u_fpu|fp_mul:MUL_UNIT|mantissa_multiplier:mul_inst|wallace_tree_12_rows:wt" ;
+-------------+-------+----------+---------------------------------------------------------------------------------------------------+
; Port        ; Type  ; Severity ; Details                                                                                           ;
+-------------+-------+----------+---------------------------------------------------------------------------------------------------+
; pp1[1..0]   ; Input ; Info     ; Stuck at GND                                                                                      ;
; pp2[3..0]   ; Input ; Info     ; Stuck at GND                                                                                      ;
; pp3[5..0]   ; Input ; Info     ; Stuck at GND                                                                                      ;
; pp4[7..0]   ; Input ; Info     ; Stuck at GND                                                                                      ;
; pp5[9..0]   ; Input ; Info     ; Stuck at GND                                                                                      ;
; pp6[11..0]  ; Input ; Info     ; Stuck at GND                                                                                      ;
; pp7[13..0]  ; Input ; Info     ; Stuck at GND                                                                                      ;
; pp8[15..0]  ; Input ; Info     ; Stuck at GND                                                                                      ;
; pp9[17..0]  ; Input ; Info     ; Stuck at GND                                                                                      ;
; pp10[19..0] ; Input ; Info     ; Stuck at GND                                                                                      ;
; pp11[21..0] ; Input ; Info     ; Stuck at GND                                                                                      ;
; pp12[23..0] ; Input ; Info     ; Stuck at GND                                                                                      ;
+-------------+-------+----------+---------------------------------------------------------------------------------------------------+


+--------------------------------------------------------------------------------------------------------------------------------------+
; Port Connectivity Checks: "fu_fpu_wrapper:u_fpu_eu|FPU:u_fpu|fp_mul:MUL_UNIT|mantissa_multiplier:mul_inst|booth_encoder_radix4:be12" ;
+-----------------+-------+----------+-------------------------------------------------------------------------------------------------+
; Port            ; Type  ; Severity ; Details                                                                                         ;
+-----------------+-------+----------+-------------------------------------------------------------------------------------------------+
; code_bits[2..1] ; Input ; Info     ; Stuck at GND                                                                                    ;
+-----------------+-------+----------+-------------------------------------------------------------------------------------------------+


+-------------------------------------------------------------------------------------------------------------------------------------+
; Port Connectivity Checks: "fu_fpu_wrapper:u_fpu_eu|FPU:u_fpu|fp_mul:MUL_UNIT|mantissa_multiplier:mul_inst|booth_encoder_radix4:be0" ;
+--------------+-------+----------+---------------------------------------------------------------------------------------------------+
; Port         ; Type  ; Severity ; Details                                                                                           ;
+--------------+-------+----------+---------------------------------------------------------------------------------------------------+
; code_bits[0] ; Input ; Info     ; Stuck at GND                                                                                      ;
+--------------+-------+----------+---------------------------------------------------------------------------------------------------+


+--------------------------------------------------------------------------------------------------------------------------+
; Port Connectivity Checks: "fu_fpu_wrapper:u_fpu_eu|FPU:u_fpu|fp_mul:MUL_UNIT|mantissa_multiplier:mul_inst"               ;
+----------------+--------+----------+-------------------------------------------------------------------------------------+
; Port           ; Type   ; Severity ; Details                                                                             ;
+----------------+--------+----------+-------------------------------------------------------------------------------------+
; Product[22..0] ; Output ; Info     ; Connected to dangling logic. Logic that only feeds a dangling port will be removed. ;
+----------------+--------+----------+-------------------------------------------------------------------------------------+


+---------------------------------------------------------------------------------------------------------------------------------------------------------------------------------------------------------+
; Port Connectivity Checks: "fu_alu_wrapper:u_alu_eu|alu:u_alu"                                                                                                                                           ;
+-------------+--------+----------+-----------------------------------------------------------------------------------------------------------------------------------------------------------------------+
; Port        ; Type   ; Severity ; Details                                                                                                                                                               ;
+-------------+--------+----------+-----------------------------------------------------------------------------------------------------------------------------------------------------------------------+
; mul_tag_out ; Output ; Warning  ; Output or bidir port (5 bits) is smaller than the port expression (6 bits) it drives.  The 1 most-significant bit(s) in the port expression will be connected to GND. ;
; div_tag_out ; Output ; Warning  ; Output or bidir port (5 bits) is smaller than the port expression (6 bits) it drives.  The 1 most-significant bit(s) in the port expression will be connected to GND. ;
+-------------+--------+----------+-----------------------------------------------------------------------------------------------------------------------------------------------------------------------+


+--------------------------------------------------------------------------------------------------------------------------+
; Port Connectivity Checks: "prf:u_prf_fp"                                                                                 ;
+----------------+--------+----------+-------------------------------------------------------------------------------------+
; Port           ; Type   ; Severity ; Details                                                                             ;
+----------------+--------+----------+-------------------------------------------------------------------------------------+
; rd_ready[3..0] ; Output ; Info     ; Connected to dangling logic. Logic that only feeds a dangling port will be removed. ;
; wb0_en         ; Input  ; Info     ; Stuck at GND                                                                        ;
; wb0_tag        ; Input  ; Info     ; Stuck at GND                                                                        ;
; wb0_data       ; Input  ; Info     ; Stuck at GND                                                                        ;
; wb1_en         ; Input  ; Info     ; Stuck at GND                                                                        ;
; wb1_tag        ; Input  ; Info     ; Stuck at GND                                                                        ;
; wb1_data       ; Input  ; Info     ; Stuck at GND                                                                        ;
+----------------+--------+----------+-------------------------------------------------------------------------------------+


+--------------------------------------------------------------------------------------------------------------------------+
; Port Connectivity Checks: "prf:u_prf_int"                                                                                ;
+----------------+--------+----------+-------------------------------------------------------------------------------------+
; Port           ; Type   ; Severity ; Details                                                                             ;
+----------------+--------+----------+-------------------------------------------------------------------------------------+
; rd_ready[3..0] ; Output ; Info     ; Connected to dangling logic. Logic that only feeds a dangling port will be removed. ;
+----------------+--------+----------+-------------------------------------------------------------------------------------+


+---------------------------------------------------------------------------------------------------------------------------------+
; Port Connectivity Checks: "iq_fpu:u_iq_fpu"                                                                                     ;
+--------------+---------+------------------+-------------------------------------------------------------------------------------+
; Port         ; Type    ; Severity         ; Details                                                                             ;
+--------------+---------+------------------+-------------------------------------------------------------------------------------+
; wr_prs1_data ; Unknown ; Critical Warning ; Named port was not declared by the instantiated entity                              ;
; wr_prs2_data ; Unknown ; Critical Warning ; Named port was not declared by the instantiated entity                              ;
; wr_prs3_data ; Unknown ; Critical Warning ; Named port was not declared by the instantiated entity                              ;
; issue_fp_rs1 ; Output  ; Info             ; Connected to dangling logic. Logic that only feeds a dangling port will be removed. ;
; issue_fp_rs2 ; Output  ; Info             ; Connected to dangling logic. Logic that only feeds a dangling port will be removed. ;
+--------------+---------+------------------+-------------------------------------------------------------------------------------+


+------------------------------------------------------+
; Port Connectivity Checks: "dispatch_unit:u_dispatch" ;
+------------------+-------+----------+----------------+
; Port             ; Type  ; Severity ; Details        ;
+------------------+-------+----------+----------------+
; prf_int_ready    ; Input ; Info     ; Stuck at GND   ;
; prs3_fp_ready_in ; Input ; Info     ; Stuck at GND   ;
+------------------+-------+----------+----------------+


+----------------------------------------------------------------------------------------------------------------------------------------------------------+
; Port Connectivity Checks: "ROB:u_rob"                                                                                                                    ;
+---------------------------+--------+----------+----------------------------------------------------------------------------------------------------------+
; Port                      ; Type   ; Severity ; Details                                                                                                  ;
+---------------------------+--------+----------+----------------------------------------------------------------------------------------------------------+
; commit_old_prd            ; Output ; Info     ; Connected to dangling logic. Logic that only feeds a dangling port will be removed.                      ;
; commit_result             ; Output ; Info     ; Connected to dangling logic. Logic that only feeds a dangling port will be removed.                      ;
; commit_use_rd             ; Output ; Info     ; Connected to dangling logic. Logic that only feeds a dangling port will be removed.                      ;
; commit_store_addr[31..10] ; Output ; Info     ; Connected to dangling logic. Logic that only feeds a dangling port will be removed.                      ;
; rob_empty                 ; Output ; Info     ; Connected to dangling logic. Logic that only feeds a dangling port will be removed.                      ;
; commit_pc                 ; Output ; Warning  ; Declared by entity but not connected by instance. Logic that only feeds a dangling port will be removed. ;
+---------------------------+--------+----------+----------------------------------------------------------------------------------------------------------+


+-----------------------------------------------------------------------------------------------------------------------------------------+
; Port Connectivity Checks: "free_list:u_fl_fp"                                                                                           ;
+----------+--------+----------+----------------------------------------------------------------------------------------------------------+
; Port     ; Type   ; Severity ; Details                                                                                                  ;
+----------+--------+----------+----------------------------------------------------------------------------------------------------------+
; alloc_ok ; Output ; Info     ; Connected to dangling logic. Logic that only feeds a dangling port will be removed.                      ;
; full     ; Output ; Warning  ; Declared by entity but not connected by instance. Logic that only feeds a dangling port will be removed. ;
; empty    ; Output ; Warning  ; Declared by entity but not connected by instance. Logic that only feeds a dangling port will be removed. ;
+----------+--------+----------+----------------------------------------------------------------------------------------------------------+


+-----------------------------------------------------------------------------------------------------------------------------------------+
; Port Connectivity Checks: "free_list:u_fl_int"                                                                                          ;
+----------+--------+----------+----------------------------------------------------------------------------------------------------------+
; Port     ; Type   ; Severity ; Details                                                                                                  ;
+----------+--------+----------+----------------------------------------------------------------------------------------------------------+
; alloc_ok ; Output ; Info     ; Connected to dangling logic. Logic that only feeds a dangling port will be removed.                      ;
; full     ; Output ; Warning  ; Declared by entity but not connected by instance. Logic that only feeds a dangling port will be removed. ;
; empty    ; Output ; Warning  ; Declared by entity but not connected by instance. Logic that only feeds a dangling port will be removed. ;
+----------+--------+----------+----------------------------------------------------------------------------------------------------------+


+-------------------------------+
; Analysis & Synthesis Messages ;
+-------------------------------+
Info: *******************************************************************
Info: Running Quartus II 64-Bit Analysis & Synthesis
    Info: Version 13.0.1 Build 232 06/12/2013 Service Pack 1 SJ Web Edition
    Info: Processing started: Mon May 25 13:33:38 2026
Info: Command: quartus_map --read_settings_files=on --write_settings_files=off RISCV_Pipelined_IFM_AXI4_OoO_v2 -c RISCV_Pipelined_IFM_AXI4_OoO_v2
Warning (20028): Parallel compilation is not licensed and has been disabled
Info (12021): Found 1 design units, including 1 entities, in source file fpu.v
    Info (12023): Found entity 1: FPU
Info (12021): Found 1 design units, including 1 entities, in source file wallace_tree_12_rows.v
    Info (12023): Found entity 1: wallace_tree_12_rows
Info (12021): Found 1 design units, including 1 entities, in source file tb_fp_sqrt.v
    Info (12023): Found entity 1: tb_fp_sqrt
Info (12021): Found 1 design units, including 1 entities, in source file tb_fp_div_goldschmidt.v
    Info (12023): Found entity 1: tb_fp_div_goldschmidt
Info (12021): Found 1 design units, including 1 entities, in source file sqrt_lut_rom.v
    Info (12023): Found entity 1: sqrt_lut_rom
Info (12021): Found 1 design units, including 1 entities, in source file mantissa_multiplier.v
    Info (12023): Found entity 1: mantissa_multiplier
Info (12021): Found 1 design units, including 1 entities, in source file lzc_24.v
    Info (12023): Found entity 1: lzc_24
Info (12021): Found 1 design units, including 1 entities, in source file fp_sqrt_goldschmidt.v
    Info (12023): Found entity 1: fp_sqrt_goldschmidt
Info (12021): Found 1 design units, including 1 entities, in source file fp_mul_tb.v
    Info (12023): Found entity 1: fp_mul_tb
Info (12021): Found 1 design units, including 1 entities, in source file fp_mul.v
    Info (12023): Found entity 1: fp_mul
Info (12021): Found 1 design units, including 1 entities, in source file fp_fma.v
    Info (12023): Found entity 1: fp_fma
Info (12021): Found 1 design units, including 1 entities, in source file fp_div_goldschmidt.v
    Info (12023): Found entity 1: fp_div_goldschmidt
Info (12021): Found 1 design units, including 1 entities, in source file div_lut_rom.v
    Info (12023): Found entity 1: div_lut_rom
Info (12021): Found 1 design units, including 1 entities, in source file compressor_3_2_72bit.v
    Info (12023): Found entity 1: compressor_3_2_72bit
Info (12021): Found 1 design units, including 1 entities, in source file booth_encoder_radix4.v
    Info (12023): Found entity 1: booth_encoder_radix4
Info (12021): Found 1 design units, including 1 entities, in source file as_test_bench.v
    Info (12023): Found entity 1: as_test_bench
Info (12021): Found 1 design units, including 1 entities, in source file addition_subtraction.v
    Info (12023): Found entity 1: addition_subtraction
Info (12021): Found 1 design units, including 1 entities, in source file dmem.v
    Info (12023): Found entity 1: dmem
Info (12021): Found 1 design units, including 1 entities, in source file convfromunsint.v
    Info (12023): Found entity 1: ConvfromUnsInt
Info (12021): Found 1 design units, including 1 entities, in source file convfromsignint.v
    Info (12023): Found entity 1: ConvfromSignInt
Info (12021): Found 1 design units, including 1 entities, in source file convertunstoint.v
    Info (12023): Found entity 1: ConvertUnstoInt
Info (12021): Found 1 design units, including 1 entities, in source file converttoint.v
    Info (12023): Found entity 1: ConverttoInt
Info (12021): Found 1 design units, including 1 entities, in source file compare.v
    Info (12023): Found entity 1: compare
Info (12021): Found 1 design units, including 1 entities, in source file iter_mul32.v
    Info (12023): Found entity 1: iter_mul32
Info (12021): Found 1 design units, including 1 entities, in source file iter_div32.v
    Info (12023): Found entity 1: iter_div32
Info (12021): Found 1 design units, including 1 entities, in source file alu.v
    Info (12023): Found entity 1: alu
Warning (12019): Can't analyze file -- file testlenh.v is missing
Warning (12019): Can't analyze file -- file testbench_alu.v is missing
Info (12021): Found 1 design units, including 1 entities, in source file tb_iter_mul32.v
    Info (12023): Found entity 1: tb_iter_mul32
Info (12021): Found 1 design units, including 1 entities, in source file tb_iter_div32.v
    Info (12023): Found entity 1: tb_iter_div32
Info (12021): Found 1 design units, including 1 entities, in source file sign_extend.v
    Info (12023): Found entity 1: Sign_Extend
Info (12021): Found 1 design units, including 1 entities, in source file rob.v
    Info (12023): Found entity 1: ROB
Info (12021): Found 1 design units, including 1 entities, in source file rat_int.v
    Info (12023): Found entity 1: RAT_Int
Info (12021): Found 1 design units, including 1 entities, in source file rat_float.v
    Info (12023): Found entity 1: RAT_Float
Info (12021): Found 1 design units, including 1 entities, in source file pc.v
    Info (12023): Found entity 1: PC
Info (12021): Found 1 design units, including 1 entities, in source file instruction_mem.v
    Info (12023): Found entity 1: instruction_Mem
Info (12021): Found 1 design units, including 1 entities, in source file if_id_register.v
    Info (12023): Found entity 1: IF_ID_register
Info (12021): Found 1 design units, including 1 entities, in source file fu_fpu_wrapper.v
    Info (12023): Found entity 1: fu_fpu_wrapper
Info (12021): Found 1 design units, including 1 entities, in source file fu_alu_wrapper.v
    Info (12023): Found entity 1: fu_alu_wrapper
Info (12021): Found 1 design units, including 1 entities, in source file dispatch_unit.v
    Info (12023): Found entity 1: dispatch_unit
Info (12021): Found 1 design units, including 1 entities, in source file control_unit.v
    Info (12023): Found entity 1: Control_Unit
Info (12021): Found 1 design units, including 1 entities, in source file iq_alu.v
    Info (12023): Found entity 1: iq_alu
Info (12021): Found 1 design units, including 1 entities, in source file iq_fpu.v
    Info (12023): Found entity 1: iq_fpu
Info (12021): Found 1 design units, including 1 entities, in source file iq_mem.v
    Info (12023): Found entity 1: iq_mem
Info (12021): Found 1 design units, including 1 entities, in source file prf.v
    Info (12023): Found entity 1: prf
Info (12021): Found 1 design units, including 1 entities, in source file free_list.v
    Info (12023): Found entity 1: free_list
Info (12021): Found 2 design units, including 2 entities, in source file fu_lsu_wrapper.v
    Info (12023): Found entity 1: lsu_eu
    Info (12023): Found entity 2: fu_lsu_wrapper
Info (12021): Found 1 design units, including 1 entities, in source file rv32ifm_ooo.v
    Info (12023): Found entity 1: rv32ifm_ooo
Info (12021): Found 1 design units, including 1 entities, in source file tb_ooo_proof.v
    Info (12023): Found entity 1: tb_ooo_proof
Info (12127): Elaborating entity "rv32ifm_ooo" for the top level hierarchy
Warning (10036): Verilog HDL or VHDL warning at rv32ifm_ooo.v(154): object "new_prd_ok" assigned a value but never read
Warning (10240): Verilog HDL Always Construct warning at rv32ifm_ooo.v(637): inferring latch(es) for variable "k", which holds its previous value in one or more paths through the always construct
Info (12128): Elaborating entity "PC" for hierarchy "PC:u_pc"
Info (12128): Elaborating entity "instruction_Mem" for hierarchy "instruction_Mem:u_imem"
Warning (10030): Net "i_mem.data_a" at instruction_Mem.v(5) has no driver or initial value, using a default initial value '0'
Warning (10030): Net "i_mem.waddr_a" at instruction_Mem.v(5) has no driver or initial value, using a default initial value '0'
Warning (10030): Net "i_mem.we_a" at instruction_Mem.v(5) has no driver or initial value, using a default initial value '0'
Info (12128): Elaborating entity "Control_Unit" for hierarchy "Control_Unit:u_ctrl"
Warning (10036): Verilog HDL or VHDL warning at Control_Unit.v(193): object "fcmp" assigned a value but never read
Info (12128): Elaborating entity "free_list" for hierarchy "free_list:u_fl_int"
Warning (10230): Verilog HDL assignment warning at free_list.v(65): truncated value with size 32 to match size of target (6)
Warning (10240): Verilog HDL Always Construct warning at free_list.v(58): inferring latch(es) for variable "i", which holds its previous value in one or more paths through the always construct
Info (12128): Elaborating entity "RAT_Int" for hierarchy "RAT_Int:u_rat_int"
Warning (10230): Verilog HDL assignment warning at RAT_Int.v(61): truncated value with size 32 to match size of target (6)
Warning (10230): Verilog HDL assignment warning at RAT_Int.v(62): truncated value with size 32 to match size of target (6)
Info (12128): Elaborating entity "RAT_Float" for hierarchy "RAT_Float:u_rat_fp"
Warning (10230): Verilog HDL assignment warning at RAT_Float.v(51): truncated value with size 32 to match size of target (6)
Warning (10230): Verilog HDL assignment warning at RAT_Float.v(52): truncated value with size 32 to match size of target (6)
Info (12128): Elaborating entity "ROB" for hierarchy "ROB:u_rob"
Info (12128): Elaborating entity "dispatch_unit" for hierarchy "dispatch_unit:u_dispatch"
Info (12128): Elaborating entity "iq_alu" for hierarchy "iq_alu:u_iq_alu"
Info (12128): Elaborating entity "iq_fpu" for hierarchy "iq_fpu:u_iq_fpu"
Info (12128): Elaborating entity "iq_mem" for hierarchy "iq_mem:u_iq_lsu"
Info (12128): Elaborating entity "prf" for hierarchy "prf:u_prf_int"
Warning (10240): Verilog HDL Always Construct warning at prf.v(72): inferring latch(es) for variable "i", which holds its previous value in one or more paths through the always construct
Info (12128): Elaborating entity "fu_alu_wrapper" for hierarchy "fu_alu_wrapper:u_alu_eu"
Warning (10036): Verilog HDL or VHDL warning at fu_alu_wrapper.v(126): object "jal_target" assigned a value but never read
Warning (10036): Verilog HDL or VHDL warning at fu_alu_wrapper.v(127): object "jalr_target" assigned a value but never read
Warning (10230): Verilog HDL assignment warning at fu_alu_wrapper.v(184): truncated value with size 6 to match size of target (5)
Info (12128): Elaborating entity "alu" for hierarchy "fu_alu_wrapper:u_alu_eu|alu:u_alu"
Info (12128): Elaborating entity "iter_mul32" for hierarchy "fu_alu_wrapper:u_alu_eu|alu:u_alu|iter_mul32:u_mul"
Info (12128): Elaborating entity "iter_div32" for hierarchy "fu_alu_wrapper:u_alu_eu|alu:u_alu|iter_div32:u_div"
Info (12128): Elaborating entity "fu_fpu_wrapper" for hierarchy "fu_fpu_wrapper:u_fpu_eu"
Info (12128): Elaborating entity "FPU" for hierarchy "fu_fpu_wrapper:u_fpu_eu|FPU:u_fpu"
Warning (10240): Verilog HDL Always Construct warning at FPU.v(198): inferring latch(es) for variable "idx", which holds its previous value in one or more paths through the always construct
Info (12128): Elaborating entity "ConvfromSignInt" for hierarchy "fu_fpu_wrapper:u_fpu_eu|FPU:u_fpu|ConvfromSignInt:CVT1"
Warning (10764): Verilog HDL warning at ConvfromSignInt.v(34): converting signed shift amount to unsigned
Warning (10764): Verilog HDL warning at ConvfromSignInt.v(36): converting signed shift amount to unsigned
Warning (10240): Verilog HDL Always Construct warning at ConvfromSignInt.v(13): inferring latch(es) for variable "sign", which holds its previous value in one or more paths through the always construct
Warning (10240): Verilog HDL Always Construct warning at ConvfromSignInt.v(13): inferring latch(es) for variable "abs_val", which holds its previous value in one or more paths through the always construct
Warning (10240): Verilog HDL Always Construct warning at ConvfromSignInt.v(13): inferring latch(es) for variable "i", which holds its previous value in one or more paths through the always construct
Warning (10240): Verilog HDL Always Construct warning at ConvfromSignInt.v(13): inferring latch(es) for variable "exponent", which holds its previous value in one or more paths through the always construct
Warning (10240): Verilog HDL Always Construct warning at ConvfromSignInt.v(13): inferring latch(es) for variable "shifted", which holds its previous value in one or more paths through the always construct
Warning (10240): Verilog HDL Always Construct warning at ConvfromSignInt.v(13): inferring latch(es) for variable "mantissa", which holds its previous value in one or more paths through the always construct
Info (12128): Elaborating entity "ConvfromUnsInt" for hierarchy "fu_fpu_wrapper:u_fpu_eu|FPU:u_fpu|ConvfromUnsInt:CVT2"
Warning (10764): Verilog HDL warning at ConvfromUnsInt.v(27): converting signed shift amount to unsigned
Warning (10764): Verilog HDL warning at ConvfromUnsInt.v(29): converting signed shift amount to unsigned
Warning (10240): Verilog HDL Always Construct warning at ConvfromUnsInt.v(12): inferring latch(es) for variable "abs_val", which holds its previous value in one or more paths through the always construct
Warning (10240): Verilog HDL Always Construct warning at ConvfromUnsInt.v(12): inferring latch(es) for variable "i", which holds its previous value in one or more paths through the always construct
Warning (10240): Verilog HDL Always Construct warning at ConvfromUnsInt.v(12): inferring latch(es) for variable "exponent", which holds its previous value in one or more paths through the always construct
Warning (10240): Verilog HDL Always Construct warning at ConvfromUnsInt.v(12): inferring latch(es) for variable "shifted", which holds its previous value in one or more paths through the always construct
Warning (10240): Verilog HDL Always Construct warning at ConvfromUnsInt.v(12): inferring latch(es) for variable "mantissa", which holds its previous value in one or more paths through the always construct
Info (12128): Elaborating entity "ConverttoInt" for hierarchy "fu_fpu_wrapper:u_fpu_eu|FPU:u_fpu|ConverttoInt:CVT3"
Warning (10764): Verilog HDL warning at ConverttoInt.v(37): converting signed shift amount to unsigned
Warning (10764): Verilog HDL warning at ConverttoInt.v(39): converting signed shift amount to unsigned
Warning (10240): Verilog HDL Always Construct warning at ConverttoInt.v(14): inferring latch(es) for variable "value", which holds its previous value in one or more paths through the always construct
Info (12128): Elaborating entity "ConvertUnstoInt" for hierarchy "fu_fpu_wrapper:u_fpu_eu|FPU:u_fpu|ConvertUnstoInt:CVT4"
Warning (10764): Verilog HDL warning at ConvertUnstoInt.v(30): converting signed shift amount to unsigned
Warning (10764): Verilog HDL warning at ConvertUnstoInt.v(32): converting signed shift amount to unsigned
Warning (10240): Verilog HDL Always Construct warning at ConvertUnstoInt.v(13): inferring latch(es) for variable "value", which holds its previous value in one or more paths through the always construct
Info (12128): Elaborating entity "addition_subtraction" for hierarchy "fu_fpu_wrapper:u_fpu_eu|FPU:u_fpu|addition_subtraction:ADD_UNIT"
Info (12128): Elaborating entity "lzc_24" for hierarchy "fu_fpu_wrapper:u_fpu_eu|FPU:u_fpu|addition_subtraction:ADD_UNIT|lzc_24:u_lzc"
Info (12128): Elaborating entity "fp_mul" for hierarchy "fu_fpu_wrapper:u_fpu_eu|FPU:u_fpu|fp_mul:MUL_UNIT"
Info (12128): Elaborating entity "mantissa_multiplier" for hierarchy "fu_fpu_wrapper:u_fpu_eu|FPU:u_fpu|fp_mul:MUL_UNIT|mantissa_multiplier:mul_inst"
Info (12128): Elaborating entity "booth_encoder_radix4" for hierarchy "fu_fpu_wrapper:u_fpu_eu|FPU:u_fpu|fp_mul:MUL_UNIT|mantissa_multiplier:mul_inst|booth_encoder_radix4:be0"
Info (12128): Elaborating entity "wallace_tree_12_rows" for hierarchy "fu_fpu_wrapper:u_fpu_eu|FPU:u_fpu|fp_mul:MUL_UNIT|mantissa_multiplier:mul_inst|wallace_tree_12_rows:wt"
Info (12128): Elaborating entity "compressor_3_2_72bit" for hierarchy "fu_fpu_wrapper:u_fpu_eu|FPU:u_fpu|fp_mul:MUL_UNIT|mantissa_multiplier:mul_inst|wallace_tree_12_rows:wt|compressor_3_2_72bit:st1_0"
Info (12128): Elaborating entity "fp_div_goldschmidt" for hierarchy "fu_fpu_wrapper:u_fpu_eu|FPU:u_fpu|fp_div_goldschmidt:DIV_UNIT"
Info (12128): Elaborating entity "div_lut_rom" for hierarchy "fu_fpu_wrapper:u_fpu_eu|FPU:u_fpu|fp_div_goldschmidt:DIV_UNIT|div_lut_rom:lut_inst"
Info (12128): Elaborating entity "fp_fma" for hierarchy "fu_fpu_wrapper:u_fpu_eu|FPU:u_fpu|fp_div_goldschmidt:DIV_UNIT|fp_fma:fma_N0_inst"
Warning (10762): Verilog HDL Case Statement warning at fp_fma.v(114): can't check case statement for completeness because the case expression has too many possible states
Info (12128): Elaborating entity "fp_sqrt_goldschmidt" for hierarchy "fu_fpu_wrapper:u_fpu_eu|FPU:u_fpu|fp_sqrt_goldschmidt:SQRT_UNIT"
Warning (10036): Verilog HDL or VHDL warning at fp_sqrt_goldschmidt.v(310): object "sq_down" assigned a value but never read
Warning (10230): Verilog HDL assignment warning at fp_sqrt_goldschmidt.v(298): truncated value with size 32 to match size of target (9)
Info (12128): Elaborating entity "sqrt_lut_rom" for hierarchy "fu_fpu_wrapper:u_fpu_eu|FPU:u_fpu|fp_sqrt_goldschmidt:SQRT_UNIT|sqrt_lut_rom:lut_inst"
Warning (10030): Net "rom.data_a" at sqrt_lut_rom.v(25) has no driver or initial value, using a default initial value '0'
Warning (10030): Net "rom.waddr_a" at sqrt_lut_rom.v(25) has no driver or initial value, using a default initial value '0'
Warning (10030): Net "rom.we_a" at sqrt_lut_rom.v(25) has no driver or initial value, using a default initial value '0'
Info (12128): Elaborating entity "lsu_eu" for hierarchy "lsu_eu:u_lsu_eu"
Warning (10036): Verilog HDL or VHDL warning at fu_lsu_wrapper.v(84): object "funct3" assigned a value but never read
Info (12128): Elaborating entity "fu_lsu_wrapper" for hierarchy "fu_lsu_wrapper:u_dmem_wrap"
Info (12128): Elaborating entity "dmem" for hierarchy "fu_lsu_wrapper:u_dmem_wrap|dmem:u_dmem"
Error (12002): Port "wr_prs1_data" does not exist in macrofunction "u_iq_fpu" File: D:/RISCV_Pipelined_IFM_AXI4_OoO_v2/rv32ifm_ooo.v Line: 551
Error (12002): Port "wr_prs2_data" does not exist in macrofunction "u_iq_fpu" File: D:/RISCV_Pipelined_IFM_AXI4_OoO_v2/rv32ifm_ooo.v Line: 551
Error (12002): Port "wr_prs3_data" does not exist in macrofunction "u_iq_fpu" File: D:/RISCV_Pipelined_IFM_AXI4_OoO_v2/rv32ifm_ooo.v Line: 551
Warning (12241): 5 hierarchies have connectivity warnings - see the Connectivity Checks report folder
Info (144001): Generated suppressed messages file D:/RISCV_Pipelined_IFM_AXI4_OoO_v2/output_files/RISCV_Pipelined_IFM_AXI4_OoO_v2.map.smsg
Error: Quartus II 64-Bit Analysis & Synthesis was unsuccessful. 3 errors, 49 warnings
    Error: Peak virtual memory: 4934 megabytes
    Error: Processing ended: Mon May 25 13:33:44 2026
    Error: Elapsed time: 00:00:06
    Error: Total CPU time (on all processors): 00:00:04


+------------------------------------------+
; Analysis & Synthesis Suppressed Messages ;
+------------------------------------------+
The suppressed messages can be found in D:/RISCV_Pipelined_IFM_AXI4_OoO_v2/output_files/RISCV_Pipelined_IFM_AXI4_OoO_v2.map.smsg.


