Analysis & Synthesis report for riscv_pipelined
Fri Apr 10 14:20:43 2026
Quartus II 64-Bit Version 13.0.1 Build 232 06/12/2013 Service Pack 1 SJ Web Edition


---------------------
; Table of Contents ;
---------------------
  1. Legal Notice
  2. Analysis & Synthesis Summary
  3. Analysis & Synthesis Settings
  4. Parallel Compilation
  5. Analysis & Synthesis Source Files Read
  6. Analysis & Synthesis Resource Usage Summary
  7. Analysis & Synthesis Resource Utilization by Entity
  8. Analysis & Synthesis DSP Block Usage Summary
  9. State Machine - |fu_alu_wrapper|alu:ALU_CORE|rv32m_muldiv_split:U_MULDIV|iter_div32:u_div|state
 10. Registers Removed During Synthesis
 11. General Register Statistics
 12. Multiplexer Restructuring Statistics (Restructuring Performed)
 13. Parameter Settings for User Entity Instance: Top-level Entity: |fu_alu_wrapper
 14. Parameter Settings for Inferred Entity Instance: alu:ALU_CORE|rv32m_muldiv_split:U_MULDIV|iter_mul32:u_mul|lpm_mult:Mult0
 15. lpm_mult Parameter Settings by Entity Instance
 16. Port Connectivity Checks: "alu:ALU_CORE"
 17. Elapsed Time Per Partition
 18. Analysis & Synthesis Messages
 19. Analysis & Synthesis Suppressed Messages



----------------
; Legal Notice ;
----------------
Copyright (C) 1991-2013 Altera Corporation
Your use of Altera Corporation's design tools, logic functions 
and other software and tools, and its AMPP partner logic 
functions, and any output files from any of the foregoing 
(including device programming or simulation files), and any 
associated documentation or information are expressly subject 
to the terms and conditions of the Altera Program License 
Subscription Agreement, Altera MegaCore Function License 
Agreement, or other applicable license agreement, including, 
without limitation, that your use is for the sole purpose of 
programming logic devices manufactured by Altera and sold by 
Altera or its authorized distributors.  Please refer to the 
applicable agreement for further details.



+--------------------------------------------------------------------------------------+
; Analysis & Synthesis Summary                                                         ;
+------------------------------------+-------------------------------------------------+
; Analysis & Synthesis Status        ; Successful - Fri Apr 10 14:20:43 2026           ;
; Quartus II 64-Bit Version          ; 13.0.1 Build 232 06/12/2013 SP 1 SJ Web Edition ;
; Revision Name                      ; riscv_pipelined                                 ;
; Top-level Entity Name              ; fu_alu_wrapper                                  ;
; Family                             ; Cyclone II                                      ;
; Total logic elements               ; 1,795                                           ;
;     Total combinational functions  ; 1,645                                           ;
;     Dedicated logic registers      ; 562                                             ;
; Total registers                    ; 562                                             ;
; Total pins                         ; 216                                             ;
; Total virtual pins                 ; 0                                               ;
; Total memory bits                  ; 0                                               ;
; Embedded Multiplier 9-bit elements ; 8                                               ;
; Total PLLs                         ; 0                                               ;
+------------------------------------+-------------------------------------------------+


+----------------------------------------------------------------------------------------------------------------------+
; Analysis & Synthesis Settings                                                                                        ;
+----------------------------------------------------------------------------+--------------------+--------------------+
; Option                                                                     ; Setting            ; Default Value      ;
+----------------------------------------------------------------------------+--------------------+--------------------+
; Device                                                                     ; EP2C35F672C6       ;                    ;
; Top-level entity name                                                      ; fu_alu_wrapper     ; riscv_pipelined    ;
; Family name                                                                ; Cyclone II         ; Cyclone IV GX      ;
; Use smart compilation                                                      ; Off                ; Off                ;
; Enable parallel Assembler and TimeQuest Timing Analyzer during compilation ; On                 ; On                 ;
; Enable compact report table                                                ; Off                ; Off                ;
; Restructure Multiplexers                                                   ; Auto               ; Auto               ;
; Create Debugging Nodes for IP Cores                                        ; Off                ; Off                ;
; Preserve fewer node names                                                  ; On                 ; On                 ;
; Disable OpenCore Plus hardware evaluation                                  ; Off                ; Off                ;
; Verilog Version                                                            ; Verilog_2001       ; Verilog_2001       ;
; VHDL Version                                                               ; VHDL_1993          ; VHDL_1993          ;
; State Machine Processing                                                   ; Auto               ; Auto               ;
; Safe State Machine                                                         ; Off                ; Off                ;
; Extract Verilog State Machines                                             ; On                 ; On                 ;
; Extract VHDL State Machines                                                ; On                 ; On                 ;
; Ignore Verilog initial constructs                                          ; Off                ; Off                ;
; Iteration limit for constant Verilog loops                                 ; 5000               ; 5000               ;
; Iteration limit for non-constant Verilog loops                             ; 250                ; 250                ;
; Add Pass-Through Logic to Inferred RAMs                                    ; On                 ; On                 ;
; Infer RAMs from Raw Logic                                                  ; On                 ; On                 ;
; Parallel Synthesis                                                         ; On                 ; On                 ;
; DSP Block Balancing                                                        ; Auto               ; Auto               ;
; NOT Gate Push-Back                                                         ; On                 ; On                 ;
; Power-Up Don't Care                                                        ; On                 ; On                 ;
; Remove Redundant Logic Cells                                               ; Off                ; Off                ;
; Remove Duplicate Registers                                                 ; On                 ; On                 ;
; Ignore CARRY Buffers                                                       ; Off                ; Off                ;
; Ignore CASCADE Buffers                                                     ; Off                ; Off                ;
; Ignore GLOBAL Buffers                                                      ; Off                ; Off                ;
; Ignore ROW GLOBAL Buffers                                                  ; Off                ; Off                ;
; Ignore LCELL Buffers                                                       ; Off                ; Off                ;
; Ignore SOFT Buffers                                                        ; On                 ; On                 ;
; Limit AHDL Integers to 32 Bits                                             ; Off                ; Off                ;
; Optimization Technique                                                     ; Balanced           ; Balanced           ;
; Carry Chain Length                                                         ; 70                 ; 70                 ;
; Auto Carry Chains                                                          ; On                 ; On                 ;
; Auto Open-Drain Pins                                                       ; On                 ; On                 ;
; Perform WYSIWYG Primitive Resynthesis                                      ; Off                ; Off                ;
; Auto ROM Replacement                                                       ; On                 ; On                 ;
; Auto RAM Replacement                                                       ; On                 ; On                 ;
; Auto Shift Register Replacement                                            ; Auto               ; Auto               ;
; Allow Shift Register Merging across Hierarchies                            ; Auto               ; Auto               ;
; Auto Clock Enable Replacement                                              ; On                 ; On                 ;
; Strict RAM Replacement                                                     ; Off                ; Off                ;
; Allow Synchronous Control Signals                                          ; On                 ; On                 ;
; Force Use of Synchronous Clear Signals                                     ; Off                ; Off                ;
; Auto RAM to Logic Cell Conversion                                          ; Off                ; Off                ;
; Auto Resource Sharing                                                      ; Off                ; Off                ;
; Allow Any RAM Size For Recognition                                         ; Off                ; Off                ;
; Allow Any ROM Size For Recognition                                         ; Off                ; Off                ;
; Allow Any Shift Register Size For Recognition                              ; Off                ; Off                ;
; Use LogicLock Constraints during Resource Balancing                        ; On                 ; On                 ;
; Ignore translate_off and synthesis_off directives                          ; Off                ; Off                ;
; Timing-Driven Synthesis                                                    ; Off                ; Off                ;
; Report Parameter Settings                                                  ; On                 ; On                 ;
; Report Source Assignments                                                  ; On                 ; On                 ;
; Report Connectivity Checks                                                 ; On                 ; On                 ;
; Ignore Maximum Fan-Out Assignments                                         ; Off                ; Off                ;
; Synchronization Register Chain Length                                      ; 2                  ; 2                  ;
; PowerPlay Power Optimization                                               ; Normal compilation ; Normal compilation ;
; HDL message level                                                          ; Level2             ; Level2             ;
; Suppress Register Optimization Related Messages                            ; Off                ; Off                ;
; Number of Removed Registers Reported in Synthesis Report                   ; 5000               ; 5000               ;
; Number of Swept Nodes Reported in Synthesis Report                         ; 5000               ; 5000               ;
; Number of Inverted Registers Reported in Synthesis Report                  ; 100                ; 100                ;
; Clock MUX Protection                                                       ; On                 ; On                 ;
; Auto Gated Clock Conversion                                                ; Off                ; Off                ;
; Block Design Naming                                                        ; Auto               ; Auto               ;
; SDC constraint protection                                                  ; Off                ; Off                ;
; Synthesis Effort                                                           ; Auto               ; Auto               ;
; Shift Register Replacement - Allow Asynchronous Clear Signal               ; On                 ; On                 ;
; Pre-Mapping Resynthesis Optimization                                       ; Off                ; Off                ;
; Analysis & Synthesis Message Level                                         ; Medium             ; Medium             ;
; Disable Register Merging Across Hierarchies                                ; Auto               ; Auto               ;
; Resource Aware Inference For Block RAM                                     ; On                 ; On                 ;
; Synthesis Seed                                                             ; 1                  ; 1                  ;
+----------------------------------------------------------------------------+--------------------+--------------------+


Parallel compilation was disabled, but you have multiple processors available. Enable parallel compilation to reduce compilation time.
+-------------------------------------+
; Parallel Compilation                ;
+----------------------------+--------+
; Processors                 ; Number ;
+----------------------------+--------+
; Number detected on machine ; 16     ;
; Maximum allowed            ; 1      ;
+----------------------------+--------+


+-----------------------------------------------------------------------------------------------------------------------------------------------------------------+
; Analysis & Synthesis Source Files Read                                                                                                                          ;
+----------------------------------+-----------------+------------------------------+-------------------------------------------------------------------+---------+
; File Name with User-Entered Path ; Used in Netlist ; File Type                    ; File Name with Absolute Path                                      ; Library ;
+----------------------------------+-----------------+------------------------------+-------------------------------------------------------------------+---------+
; alu.v                            ; yes             ; User Verilog HDL File        ; D:/RISCV_Pipelined_IFM_AXI4_OoO/alu.v                             ;         ;
; iter_mul32.v                     ; yes             ; User Verilog HDL File        ; D:/RISCV_Pipelined_IFM_AXI4_OoO/iter_mul32.v                      ;         ;
; iter_div32.v                     ; yes             ; User Verilog HDL File        ; D:/RISCV_Pipelined_IFM_AXI4_OoO/iter_div32.v                      ;         ;
; rv32m_muldiv_split.v             ; yes             ; User Verilog HDL File        ; D:/RISCV_Pipelined_IFM_AXI4_OoO/rv32m_muldiv_split.v              ;         ;
; fu_alu_wrapper.v                 ; yes             ; User Verilog HDL File        ; D:/RISCV_Pipelined_IFM_AXI4_OoO/fu_alu_wrapper.v                  ;         ;
; lpm_mult.tdf                     ; yes             ; Megafunction                 ; c:/altera/13.0sp1/quartus/libraries/megafunctions/lpm_mult.tdf    ;         ;
; aglobal130.inc                   ; yes             ; Megafunction                 ; c:/altera/13.0sp1/quartus/libraries/megafunctions/aglobal130.inc  ;         ;
; lpm_add_sub.inc                  ; yes             ; Megafunction                 ; c:/altera/13.0sp1/quartus/libraries/megafunctions/lpm_add_sub.inc ;         ;
; multcore.inc                     ; yes             ; Megafunction                 ; c:/altera/13.0sp1/quartus/libraries/megafunctions/multcore.inc    ;         ;
; bypassff.inc                     ; yes             ; Megafunction                 ; c:/altera/13.0sp1/quartus/libraries/megafunctions/bypassff.inc    ;         ;
; altshift.inc                     ; yes             ; Megafunction                 ; c:/altera/13.0sp1/quartus/libraries/megafunctions/altshift.inc    ;         ;
; db/mult_l8t.tdf                  ; yes             ; Auto-Generated Megafunction  ; D:/RISCV_Pipelined_IFM_AXI4_OoO/db/mult_l8t.tdf                   ;         ;
+----------------------------------+-----------------+------------------------------+-------------------------------------------------------------------+---------+


+-----------------------------------------------------+
; Analysis & Synthesis Resource Usage Summary         ;
+---------------------------------------------+-------+
; Resource                                    ; Usage ;
+---------------------------------------------+-------+
; Estimated Total logic elements              ; 1,795 ;
;                                             ;       ;
; Total combinational functions               ; 1645  ;
; Logic element usage by number of LUT inputs ;       ;
;     -- 4 input functions                    ; 609   ;
;     -- 3 input functions                    ; 815   ;
;     -- <=2 input functions                  ; 221   ;
;                                             ;       ;
; Logic elements by mode                      ;       ;
;     -- normal mode                          ; 1127  ;
;     -- arithmetic mode                      ; 518   ;
;                                             ;       ;
; Total registers                             ; 562   ;
;     -- Dedicated logic registers            ; 562   ;
;     -- I/O registers                        ; 0     ;
;                                             ;       ;
; I/O pins                                    ; 216   ;
; Embedded Multiplier 9-bit elements          ; 8     ;
; Maximum fan-out node                        ; clk   ;
; Maximum fan-out                             ; 562   ;
; Total fan-out                               ; 7647  ;
; Average fan-out                             ; 3.15  ;
+---------------------------------------------+-------+


+----------------------------------------------------------------------------------------------------------------------------------------------------------------------------------------------------------------------------------------------------------------------------------------+
; Analysis & Synthesis Resource Utilization by Entity                                                                                                                                                                                                                                    ;
+------------------------------------------+-------------------+--------------+-------------+--------------+---------+-----------+------+--------------+------------------------------------------------------------------------------------------------------------------+--------------+
; Compilation Hierarchy Node               ; LC Combinationals ; LC Registers ; Memory Bits ; DSP Elements ; DSP 9x9 ; DSP 18x18 ; Pins ; Virtual Pins ; Full Hierarchy Name                                                                                              ; Library Name ;
+------------------------------------------+-------------------+--------------+-------------+--------------+---------+-----------+------+--------------+------------------------------------------------------------------------------------------------------------------+--------------+
; |fu_alu_wrapper                          ; 1645 (305)        ; 562 (183)    ; 0           ; 8            ; 0       ; 4         ; 216  ; 0            ; |fu_alu_wrapper                                                                                                  ; work         ;
;    |alu:ALU_CORE|                        ; 1340 (675)        ; 379 (0)      ; 0           ; 8            ; 0       ; 4         ; 0    ; 0            ; |fu_alu_wrapper|alu:ALU_CORE                                                                                     ; work         ;
;       |rv32m_muldiv_split:U_MULDIV|      ; 665 (38)          ; 379 (0)      ; 0           ; 8            ; 0       ; 4         ; 0    ; 0            ; |fu_alu_wrapper|alu:ALU_CORE|rv32m_muldiv_split:U_MULDIV                                                         ; work         ;
;          |iter_div32:u_div|              ; 351 (351)         ; 145 (145)    ; 0           ; 0            ; 0       ; 0         ; 0    ; 0            ; |fu_alu_wrapper|alu:ALU_CORE|rv32m_muldiv_split:U_MULDIV|iter_div32:u_div                                        ; work         ;
;          |iter_mul32:u_mul|              ; 276 (243)         ; 234 (234)    ; 0           ; 8            ; 0       ; 4         ; 0    ; 0            ; |fu_alu_wrapper|alu:ALU_CORE|rv32m_muldiv_split:U_MULDIV|iter_mul32:u_mul                                        ; work         ;
;             |lpm_mult:Mult0|             ; 33 (0)            ; 0 (0)        ; 0           ; 8            ; 0       ; 4         ; 0    ; 0            ; |fu_alu_wrapper|alu:ALU_CORE|rv32m_muldiv_split:U_MULDIV|iter_mul32:u_mul|lpm_mult:Mult0                         ; work         ;
;                |mult_l8t:auto_generated| ; 33 (33)           ; 0 (0)        ; 0           ; 8            ; 0       ; 4         ; 0    ; 0            ; |fu_alu_wrapper|alu:ALU_CORE|rv32m_muldiv_split:U_MULDIV|iter_mul32:u_mul|lpm_mult:Mult0|mult_l8t:auto_generated ; work         ;
+------------------------------------------+-------------------+--------------+-------------+--------------+---------+-----------+------+--------------+------------------------------------------------------------------------------------------------------------------+--------------+
Note: For table entries with two numbers listed, the numbers in parentheses indicate the number of resources of the given type used by the specific entity alone. The numbers listed outside of parentheses indicate the total resources of the given type used by the specific entity and all of its sub-entities in the hierarchy.


+-----------------------------------------------------+
; Analysis & Synthesis DSP Block Usage Summary        ;
+---------------------------------------+-------------+
; Statistic                             ; Number Used ;
+---------------------------------------+-------------+
; Simple Multipliers (9-bit)            ; 0           ;
; Simple Multipliers (18-bit)           ; 4           ;
; Embedded Multiplier Blocks            ; --          ;
; Embedded Multiplier 9-bit elements    ; 8           ;
; Signed Embedded Multipliers           ; 0           ;
; Unsigned Embedded Multipliers         ; 4           ;
; Mixed Sign Embedded Multipliers       ; 0           ;
; Variable Sign Embedded Multipliers    ; 0           ;
; Dedicated Input Shift Register Chains ; 0           ;
+---------------------------------------+-------------+
Note: number of Embedded Multiplier Blocks used is only available after a successful fit.


Encoding Type:  One-Hot
+-------------------------------------------------------------------------------------------------+
; State Machine - |fu_alu_wrapper|alu:ALU_CORE|rv32m_muldiv_split:U_MULDIV|iter_div32:u_div|state ;
+--------------+--------------+-------------+--------------+--------------------------------------+
; Name         ; state.S_DONE ; state.S_FIX ; state.S_CALC ; state.S_IDLE                         ;
+--------------+--------------+-------------+--------------+--------------------------------------+
; state.S_IDLE ; 0            ; 0           ; 0            ; 0                                    ;
; state.S_CALC ; 0            ; 0           ; 1            ; 1                                    ;
; state.S_FIX  ; 0            ; 1           ; 0            ; 1                                    ;
; state.S_DONE ; 1            ; 0           ; 0            ; 1                                    ;
+--------------+--------------+-------------+--------------+--------------------------------------+


+----------------------------------------------------------------------------------------+
; Registers Removed During Synthesis                                                     ;
+-------------------------------------------------------------------+--------------------+
; Register name                                                     ; Reason for Removal ;
+-------------------------------------------------------------------+--------------------+
; alu:ALU_CORE|rv32m_muldiv_split:U_MULDIV|iter_div32:u_div|state~4 ; Lost fanout        ;
; alu:ALU_CORE|rv32m_muldiv_split:U_MULDIV|iter_div32:u_div|state~5 ; Lost fanout        ;
; Total Number of Removed Registers = 2                             ;                    ;
+-------------------------------------------------------------------+--------------------+


+------------------------------------------------------+
; General Register Statistics                          ;
+----------------------------------------------+-------+
; Statistic                                    ; Value ;
+----------------------------------------------+-------+
; Total registers                              ; 562   ;
; Number of registers using Synchronous Clear  ; 38    ;
; Number of registers using Synchronous Load   ; 111   ;
; Number of registers using Asynchronous Clear ; 423   ;
; Number of registers using Asynchronous Load  ; 0     ;
; Number of registers using Clock Enable       ; 317   ;
; Number of registers using Preset             ; 0     ;
+----------------------------------------------+-------+


+---------------------------------------------------------------------------------------------------------------------------------------------------------------------------------------------------+
; Multiplexer Restructuring Statistics (Restructuring Performed)                                                                                                                                    ;
+--------------------+-----------+---------------+----------------------+------------------------+------------+-------------------------------------------------------------------------------------+
; Multiplexer Inputs ; Bus Width ; Baseline Area ; Area if Restructured ; Saving if Restructured ; Registered ; Example Multiplexer Output                                                          ;
+--------------------+-----------+---------------+----------------------+------------------------+------------+-------------------------------------------------------------------------------------+
; 4:1                ; 32 bits   ; 64 LEs        ; 64 LEs               ; 0 LEs                  ; Yes        ; |fu_alu_wrapper|alu:ALU_CORE|rv32m_muldiv_split:U_MULDIV|iter_mul32:u_mul|result[0] ;
; 4:1                ; 6 bits    ; 12 LEs        ; 6 LEs                ; 6 LEs                  ; Yes        ; |fu_alu_wrapper|alu:ALU_CORE|rv32m_muldiv_split:U_MULDIV|iter_div32:u_div|count[5]  ;
; 6:1                ; 69 bits   ; 276 LEs       ; 69 LEs               ; 207 LEs                ; Yes        ; |fu_alu_wrapper|base_res[0][4]                                                      ;
; 5:1                ; 32 bits   ; 96 LEs        ; 64 LEs               ; 32 LEs                 ; Yes        ; |fu_alu_wrapper|alu:ALU_CORE|rv32m_muldiv_split:U_MULDIV|iter_div32:u_div|reg_q[8]  ;
; 5:1                ; 32 bits   ; 96 LEs        ; 64 LEs               ; 32 LEs                 ; Yes        ; |fu_alu_wrapper|alu:ALU_CORE|rv32m_muldiv_split:U_MULDIV|iter_div32:u_div|reg_r[28] ;
; 7:1                ; 31 bits   ; 124 LEs       ; 93 LEs               ; 31 LEs                 ; Yes        ; |fu_alu_wrapper|alu:ALU_CORE|rv32m_muldiv_split:U_MULDIV|iter_div32:u_div|result[7] ;
; 3:1                ; 32 bits   ; 64 LEs        ; 64 LEs               ; 0 LEs                  ; No         ; |fu_alu_wrapper|alu:ALU_CORE|rv32m_muldiv_split:U_MULDIV|result[14]                 ;
; 4:1                ; 33 bits   ; 66 LEs        ; 33 LEs               ; 33 LEs                 ; No         ; |fu_alu_wrapper|cdb_branch_target                                                   ;
; 4:1                ; 36 bits   ; 72 LEs        ; 72 LEs               ; 0 LEs                  ; No         ; |fu_alu_wrapper|cdb_result                                                          ;
; 36:1               ; 7 bits    ; 168 LEs       ; 49 LEs               ; 119 LEs                ; No         ; |fu_alu_wrapper|alu:ALU_CORE|Mux9                                                   ;
; 35:1               ; 8 bits    ; 184 LEs       ; 56 LEs               ; 128 LEs                ; No         ; |fu_alu_wrapper|alu:ALU_CORE|Mux23                                                  ;
; 37:1               ; 4 bits    ; 96 LEs        ; 32 LEs               ; 64 LEs                 ; No         ; |fu_alu_wrapper|alu:ALU_CORE|Mux5                                                   ;
; 36:1               ; 4 bits    ; 96 LEs        ; 28 LEs               ; 68 LEs                 ; No         ; |fu_alu_wrapper|alu:ALU_CORE|Mux27                                                  ;
; 38:1               ; 2 bits    ; 50 LEs        ; 18 LEs               ; 32 LEs                 ; No         ; |fu_alu_wrapper|alu:ALU_CORE|Mux2                                                   ;
; 37:1               ; 2 bits    ; 48 LEs        ; 16 LEs               ; 32 LEs                 ; No         ; |fu_alu_wrapper|alu:ALU_CORE|Mux28                                                  ;
+--------------------+-----------+---------------+----------------------+------------------------+------------+-------------------------------------------------------------------------------------+


+--------------------------------------------------------------------------------+
; Parameter Settings for User Entity Instance: Top-level Entity: |fu_alu_wrapper ;
+----------------+-------+-------------------------------------------------------+
; Parameter Name ; Value ; Type                                                  ;
+----------------+-------+-------------------------------------------------------+
; DATA_WIDTH     ; 32    ; Signed Integer                                        ;
; TAG_WIDTH      ; 4     ; Signed Integer                                        ;
+----------------+-------+-------------------------------------------------------+
Note: In order to hide this table in the UI and the text report file, please set the "Show Parameter Settings in Synthesis Report" option in "Analysis and Synthesis Settings -> More Settings" to "Off".


+---------------------------------------------------------------------------------------------------------------------------+
; Parameter Settings for Inferred Entity Instance: alu:ALU_CORE|rv32m_muldiv_split:U_MULDIV|iter_mul32:u_mul|lpm_mult:Mult0 ;
+------------------------------------------------+------------+-------------------------------------------------------------+
; Parameter Name                                 ; Value      ; Type                                                        ;
+------------------------------------------------+------------+-------------------------------------------------------------+
; AUTO_CARRY_CHAINS                              ; ON         ; AUTO_CARRY                                                  ;
; IGNORE_CARRY_BUFFERS                           ; OFF        ; IGNORE_CARRY                                                ;
; AUTO_CASCADE_CHAINS                            ; ON         ; AUTO_CASCADE                                                ;
; IGNORE_CASCADE_BUFFERS                         ; OFF        ; IGNORE_CASCADE                                              ;
; LPM_WIDTHA                                     ; 32         ; Untyped                                                     ;
; LPM_WIDTHB                                     ; 32         ; Untyped                                                     ;
; LPM_WIDTHP                                     ; 64         ; Untyped                                                     ;
; LPM_WIDTHR                                     ; 64         ; Untyped                                                     ;
; LPM_WIDTHS                                     ; 1          ; Untyped                                                     ;
; LPM_REPRESENTATION                             ; UNSIGNED   ; Untyped                                                     ;
; LPM_PIPELINE                                   ; 0          ; Untyped                                                     ;
; LATENCY                                        ; 0          ; Untyped                                                     ;
; INPUT_A_IS_CONSTANT                            ; NO         ; Untyped                                                     ;
; INPUT_B_IS_CONSTANT                            ; NO         ; Untyped                                                     ;
; USE_EAB                                        ; OFF        ; Untyped                                                     ;
; MAXIMIZE_SPEED                                 ; 5          ; Untyped                                                     ;
; DEVICE_FAMILY                                  ; Cyclone II ; Untyped                                                     ;
; CARRY_CHAIN                                    ; MANUAL     ; Untyped                                                     ;
; APEX20K_TECHNOLOGY_MAPPER                      ; LUT        ; TECH_MAPPER_APEX20K                                         ;
; DEDICATED_MULTIPLIER_CIRCUITRY                 ; AUTO       ; Untyped                                                     ;
; DEDICATED_MULTIPLIER_MIN_INPUT_WIDTH_FOR_AUTO  ; 0          ; Untyped                                                     ;
; DEDICATED_MULTIPLIER_MIN_OUTPUT_WIDTH_FOR_AUTO ; 0          ; Untyped                                                     ;
; CBXI_PARAMETER                                 ; mult_l8t   ; Untyped                                                     ;
; INPUT_A_FIXED_VALUE                            ; Bx         ; Untyped                                                     ;
; INPUT_B_FIXED_VALUE                            ; Bx         ; Untyped                                                     ;
; USE_AHDL_IMPLEMENTATION                        ; OFF        ; Untyped                                                     ;
+------------------------------------------------+------------+-------------------------------------------------------------+
Note: In order to hide this table in the UI and the text report file, please set the "Show Parameter Settings in Synthesis Report" option in "Analysis and Synthesis Settings -> More Settings" to "Off".


+------------------------------------------------------------------------------------------------------------------+
; lpm_mult Parameter Settings by Entity Instance                                                                   ;
+---------------------------------------+--------------------------------------------------------------------------+
; Name                                  ; Value                                                                    ;
+---------------------------------------+--------------------------------------------------------------------------+
; Number of entity instances            ; 1                                                                        ;
; Entity Instance                       ; alu:ALU_CORE|rv32m_muldiv_split:U_MULDIV|iter_mul32:u_mul|lpm_mult:Mult0 ;
;     -- LPM_WIDTHA                     ; 32                                                                       ;
;     -- LPM_WIDTHB                     ; 32                                                                       ;
;     -- LPM_WIDTHP                     ; 64                                                                       ;
;     -- LPM_REPRESENTATION             ; UNSIGNED                                                                 ;
;     -- INPUT_A_IS_CONSTANT            ; NO                                                                       ;
;     -- INPUT_B_IS_CONSTANT            ; NO                                                                       ;
;     -- USE_EAB                        ; OFF                                                                      ;
;     -- DEDICATED_MULTIPLIER_CIRCUITRY ; AUTO                                                                     ;
;     -- INPUT_A_FIXED_VALUE            ; Bx                                                                       ;
;     -- INPUT_B_FIXED_VALUE            ; Bx                                                                       ;
+---------------------------------------+--------------------------------------------------------------------------+


+---------------------------------------------------------------------------------------------------------------------------------------------------------------------------+
; Port Connectivity Checks: "alu:ALU_CORE"                                                                                                                                  ;
+--------+--------+----------+----------------------------------------------------------------------------------------------------------------------------------------------+
; Port   ; Type   ; Severity ; Details                                                                                                                                      ;
+--------+--------+----------+----------------------------------------------------------------------------------------------------------------------------------------------+
; Z      ; Output ; Info     ; Connected to dangling logic. Logic that only feeds a dangling port will be removed.                                                          ;
; branch ; Input  ; Warning  ; Declared by entity but not connected by instance. If a default value exists, it will be used.  Otherwise, the port will be connected to GND. ;
+--------+--------+----------+----------------------------------------------------------------------------------------------------------------------------------------------+


+-------------------------------+
; Elapsed Time Per Partition    ;
+----------------+--------------+
; Partition Name ; Elapsed Time ;
+----------------+--------------+
; Top            ; 00:00:02     ;
+----------------+--------------+


+-------------------------------+
; Analysis & Synthesis Messages ;
+-------------------------------+
Info: *******************************************************************
Info: Running Quartus II 64-Bit Analysis & Synthesis
    Info: Version 13.0.1 Build 232 06/12/2013 Service Pack 1 SJ Web Edition
    Info: Processing started: Fri Apr 10 14:20:39 2026
Info: Command: quartus_map --read_settings_files=on --write_settings_files=off riscv_pipelined -c riscv_pipelined
Warning (20028): Parallel compilation is not licensed and has been disabled
Info (12021): Found 1 design units, including 1 entities, in source file testbench_alu.v
    Info (12023): Found entity 1: testbench_alu
Info (12021): Found 1 design units, including 1 entities, in source file priority_encoder.v
    Info (12023): Found entity 1: priority_encoder
Info (12021): Found 1 design units, including 1 entities, in source file multiplication.v
    Info (12023): Found entity 1: multiplication
Info (12021): Found 1 design units, including 1 entities, in source file iteration.v
    Info (12023): Found entity 1: Iteration
Info (12021): Found 1 design units, including 1 entities, in source file fpu.v
    Info (12023): Found entity 1: FPU
Info (12021): Found 1 design units, including 1 entities, in source file division.v
    Info (12023): Found entity 1: division
Info (12021): Found 1 design units, including 1 entities, in source file converter.v
    Info (12023): Found entity 1: Floating_Point_to_Integer
Info (12021): Found 1 design units, including 1 entities, in source file addition_subtraction.v
    Info (12023): Found entity 1: addition_subtraction
Info (12021): Found 1 design units, including 1 entities, in source file testlenh.v
    Info (12023): Found entity 1: testlenh
Info (12021): Found 1 design units, including 1 entities, in source file sign_extend.v
    Info (12023): Found entity 1: Sign_Extend
Info (12021): Found 1 design units, including 1 entities, in source file rf_32_32.v
    Info (12023): Found entity 1: rf_32_32
Info (12021): Found 1 design units, including 1 entities, in source file pc.v
    Info (12023): Found entity 1: PC
Info (12021): Found 1 design units, including 1 entities, in source file mem_wb_register.v
    Info (12023): Found entity 1: MEM_WB_register
Info (12021): Found 1 design units, including 1 entities, in source file instruction_mem.v
    Info (12023): Found entity 1: instruction_Mem
Info (12021): Found 1 design units, including 1 entities, in source file if_id_register.v
    Info (12023): Found entity 1: IF_ID_register
Info (12021): Found 1 design units, including 1 entities, in source file id_ex_register.v
    Info (12023): Found entity 1: ID_EX_register
Info (12021): Found 1 design units, including 1 entities, in source file hazard_unit.v
    Info (12023): Found entity 1: hazard_unit
Info (12021): Found 1 design units, including 1 entities, in source file ex_m_register.v
    Info (12023): Found entity 1: EX_M_register
Info (12021): Found 1 design units, including 1 entities, in source file dmem.v
    Info (12023): Found entity 1: dmem
Info (12021): Found 1 design units, including 1 entities, in source file control_unit.v
    Info (12023): Found entity 1: Control_Unit
Info (12021): Found 1 design units, including 1 entities, in source file alu.v
    Info (12023): Found entity 1: alu
Info (12021): Found 1 design units, including 1 entities, in source file fpr_32_32.v
    Info (12023): Found entity 1: fpr_32_32
Info (12021): Found 1 design units, including 1 entities, in source file tb_addition_subtraction.v
    Info (12023): Found entity 1: tb_Addition_Subtraction
Info (12021): Found 1 design units, including 1 entities, in source file tb_multiplication.v
    Info (12023): Found entity 1: tb_Multiplication
Info (12021): Found 1 design units, including 1 entities, in source file tb_division.v
    Info (12023): Found entity 1: tb_Division
Info (12021): Found 1 design units, including 1 entities, in source file sqrt.v
    Info (12023): Found entity 1: Sqrt
Info (12021): Found 1 design units, including 1 entities, in source file tb_sqrt.v
    Info (12023): Found entity 1: TB_Sqrt
Info (12021): Found 1 design units, including 1 entities, in source file division2.v
    Info (12023): Found entity 1: Division2
Info (12021): Found 1 design units, including 1 entities, in source file division2_tb.v
    Info (12023): Found entity 1: Division2_tb
Info (12021): Found 1 design units, including 1 entities, in source file compare.v
    Info (12023): Found entity 1: compare
Info (12021): Found 1 design units, including 1 entities, in source file convfromsignint.v
    Info (12023): Found entity 1: ConvfromSignInt
Info (12021): Found 1 design units, including 1 entities, in source file convfromunsint.v
    Info (12023): Found entity 1: ConvfromUnsInt
Info (12021): Found 1 design units, including 1 entities, in source file converttoint.v
    Info (12023): Found entity 1: ConverttoInt
Info (12021): Found 1 design units, including 1 entities, in source file convertunstoint.v
    Info (12023): Found entity 1: ConvertUnstoInt
Info (12021): Found 1 design units, including 1 entities, in source file iter_mul32.v
    Info (12023): Found entity 1: iter_mul32
Info (12021): Found 1 design units, including 1 entities, in source file iter_div32.v
    Info (12023): Found entity 1: iter_div32
Info (12021): Found 1 design units, including 1 entities, in source file rv32m_muldiv_split.v
    Info (12023): Found entity 1: rv32m_muldiv_split
Info (12021): Found 1 design units, including 1 entities, in source file tb_iter_mul32.v
    Info (12023): Found entity 1: tb_iter_mul32
Info (12021): Found 1 design units, including 1 entities, in source file tb_iter_div32.v
    Info (12023): Found entity 1: tb_iter_div32
Info (12021): Found 1 design units, including 1 entities, in source file axi_simple_master.v
    Info (12023): Found entity 1: axi_simple_master
Info (12021): Found 1 design units, including 1 entities, in source file axi4_ram_model.v
    Info (12023): Found entity 1: axi4_ram_model
Info (12021): Found 1 design units, including 1 entities, in source file axi4_interconnect_2x1.v
    Info (12023): Found entity 1: axi4_interconnect_2x1
Info (12021): Found 1 design units, including 1 entities, in source file dispatch_unit.v
    Info (12023): Found entity 1: dispatch_unit
Info (12021): Found 1 design units, including 1 entities, in source file reservation_station.v
    Info (12023): Found entity 1: reservation_station
Info (12021): Found 1 design units, including 1 entities, in source file fu_alu_wrapper.v
    Info (12023): Found entity 1: fu_alu_wrapper
Info (12021): Found 1 design units, including 1 entities, in source file fu_fpu_wrapper.v
    Info (12023): Found entity 1: fu_fpu_wrapper
Info (12021): Found 1 design units, including 1 entities, in source file cdb_arbiter.v
    Info (12023): Found entity 1: cdb_arbiter
Info (12021): Found 1 design units, including 1 entities, in source file pipeline_control_unit.v
    Info (12023): Found entity 1: pipeline_control_unit
Info (12021): Found 1 design units, including 1 entities, in source file issue_logic.v
    Info (12023): Found entity 1: issue_logic
Info (12021): Found 1 design units, including 1 entities, in source file rob.v
    Info (12023): Found entity 1: ROB
Info (12021): Found 1 design units, including 1 entities, in source file rat_int.v
    Info (12023): Found entity 1: RAT_Int
Info (12021): Found 1 design units, including 1 entities, in source file rat_float.v
    Info (12023): Found entity 1: RAT_Float
Info (12021): Found 1 design units, including 1 entities, in source file fu_lsu_wrapper.v
    Info (12023): Found entity 1: fu_lsu_wrapper
Info (12021): Found 1 design units, including 1 entities, in source file rs_alu.v
    Info (12023): Found entity 1: rs_alu
Info (12021): Found 1 design units, including 1 entities, in source file branch_predictor.v
    Info (12023): Found entity 1: Branch_Predictor
Info (12021): Found 1 design units, including 1 entities, in source file riscv_ooo_top.v
    Info (12023): Found entity 1: riscv_ooo_top
Info (12021): Found 1 design units, including 1 entities, in source file tb_riscv_ooo_top.v
    Info (12023): Found entity 1: tb_riscv_ooo_top
Info (12021): Found 1 design units, including 1 entities, in source file rs_lsu.v
    Info (12023): Found entity 1: rs_lsu
Info (12127): Elaborating entity "fu_alu_wrapper" for the top level hierarchy
Info (12128): Elaborating entity "alu" for hierarchy "alu:ALU_CORE"
Info (12128): Elaborating entity "rv32m_muldiv_split" for hierarchy "alu:ALU_CORE|rv32m_muldiv_split:U_MULDIV"
Warning (10036): Verilog HDL or VHDL warning at rv32m_muldiv_split.v(24): object "state_is_mul" assigned a value but never read
Warning (10036): Verilog HDL or VHDL warning at rv32m_muldiv_split.v(25): object "state_is_div" assigned a value but never read
Info (12128): Elaborating entity "iter_mul32" for hierarchy "alu:ALU_CORE|rv32m_muldiv_split:U_MULDIV|iter_mul32:u_mul"
Info (12128): Elaborating entity "iter_div32" for hierarchy "alu:ALU_CORE|rv32m_muldiv_split:U_MULDIV|iter_div32:u_div"
Warning (10230): Verilog HDL assignment warning at iter_div32.v(136): truncated value with size 32 to match size of target (6)
Info (278001): Inferred 1 megafunctions from design logic
    Info (278003): Inferred multiplier megafunction ("lpm_mult") from the following logic: "alu:ALU_CORE|rv32m_muldiv_split:U_MULDIV|iter_mul32:u_mul|Mult0"
Info (12130): Elaborated megafunction instantiation "alu:ALU_CORE|rv32m_muldiv_split:U_MULDIV|iter_mul32:u_mul|lpm_mult:Mult0"
Info (12133): Instantiated megafunction "alu:ALU_CORE|rv32m_muldiv_split:U_MULDIV|iter_mul32:u_mul|lpm_mult:Mult0" with the following parameter:
    Info (12134): Parameter "LPM_WIDTHA" = "32"
    Info (12134): Parameter "LPM_WIDTHB" = "32"
    Info (12134): Parameter "LPM_WIDTHP" = "64"
    Info (12134): Parameter "LPM_WIDTHR" = "64"
    Info (12134): Parameter "LPM_WIDTHS" = "1"
    Info (12134): Parameter "LPM_REPRESENTATION" = "UNSIGNED"
    Info (12134): Parameter "INPUT_A_IS_CONSTANT" = "NO"
    Info (12134): Parameter "INPUT_B_IS_CONSTANT" = "NO"
    Info (12134): Parameter "MAXIMIZE_SPEED" = "5"
Info (12021): Found 1 design units, including 1 entities, in source file db/mult_l8t.tdf
    Info (12023): Found entity 1: mult_l8t
Warning (12241): 1 hierarchies have connectivity warnings - see the Connectivity Checks report folder
Info (13014): Ignored 176 buffer(s)
    Info (13019): Ignored 176 SOFT buffer(s)
Info (17049): 2 registers lost all their fanouts during netlist optimizations.
Info (144001): Generated suppressed messages file D:/RISCV_Pipelined_IFM_AXI4_OoO/output_files/riscv_pipelined.map.smsg
Info (16010): Generating hard_block partition "hard_block:auto_generated_inst"
    Info (16011): Adding 0 node(s), including 0 DDIO, 0 PLL, 0 transceiver and 0 LCELL
Info (21057): Implemented 2079 device resources after synthesis - the final resource count might be different
    Info (21058): Implemented 144 input pins
    Info (21059): Implemented 72 output pins
    Info (21061): Implemented 1855 logic cells
    Info (21062): Implemented 8 DSP elements
Info: Quartus II 64-Bit Analysis & Synthesis was successful. 0 errors, 5 warnings
    Info: Peak virtual memory: 4639 megabytes
    Info: Processing ended: Fri Apr 10 14:20:43 2026
    Info: Elapsed time: 00:00:04
    Info: Total CPU time (on all processors): 00:00:03


+------------------------------------------+
; Analysis & Synthesis Suppressed Messages ;
+------------------------------------------+
The suppressed messages can be found in D:/RISCV_Pipelined_IFM_AXI4_OoO/output_files/riscv_pipelined.map.smsg.


